Archive member included to satisfy reference by file (symbol)

E:/Micro/STM32CubeIDE_1.13.0/STM32CubeIDE/plugins/com.st.stm32cube.ide.mcu.externaltools.gnu-tools-for-stm32.11.3.rel1.win32_1.1.1.202309131626/tools/bin/../lib/gcc/arm-none-eabi/11.3.1/../../../../arm-none-eabi/lib/thumb/v7e-m+dp/hard\libc_nano.a(libc_a-exit.o)
                              E:/Micro/STM32CubeIDE_1.13.0/STM32CubeIDE/plugins/com.st.stm32cube.ide.mcu.externaltools.gnu-tools-for-stm32.11.3.rel1.win32_1.1.1.202309131626/tools/bin/../lib/gcc/arm-none-eabi/11.3.1/../../../../arm-none-eabi/lib/thumb/v7e-m+dp/hard/crt0.o (exit)
E:/Micro/STM32CubeIDE_1.13.0/STM32CubeIDE/plugins/com.st.stm32cube.ide.mcu.externaltools.gnu-tools-for-stm32.11.3.rel1.win32_1.1.1.202309131626/tools/bin/../lib/gcc/arm-none-eabi/11.3.1/../../../../arm-none-eabi/lib/thumb/v7e-m+dp/hard\libc_nano.a(libc_a-nano-vfprintf_float.o)
                              (_printf_float)
E:/Micro/STM32CubeIDE_1.13.0/STM32CubeIDE/plugins/com.st.stm32cube.ide.mcu.externaltools.gnu-tools-for-stm32.11.3.rel1.win32_1.1.1.202309131626/tools/bin/../lib/gcc/arm-none-eabi/11.3.1/../../../../arm-none-eabi/lib/thumb/v7e-m+dp/hard\libc_nano.a(libc_a-nano-vfprintf_i.o)
                              E:/Micro/STM32CubeIDE_1.13.0/STM32CubeIDE/plugins/com.st.stm32cube.ide.mcu.externaltools.gnu-tools-for-stm32.11.3.rel1.win32_1.1.1.202309131626/tools/bin/../lib/gcc/arm-none-eabi/11.3.1/../../../../arm-none-eabi/lib/thumb/v7e-m+dp/hard\libc_nano.a(libc_a-nano-vfprintf_float.o) (_printf_common)
E:/Micro/STM32CubeIDE_1.13.0/STM32CubeIDE/plugins/com.st.stm32cube.ide.mcu.externaltools.gnu-tools-for-stm32.11.3.rel1.win32_1.1.1.202309131626/tools/bin/../lib/gcc/arm-none-eabi/11.3.1/../../../../arm-none-eabi/lib/thumb/v7e-m+dp/hard\libc_nano.a(libc_a-findfp.o)
                              E:/Micro/STM32CubeIDE_1.13.0/STM32CubeIDE/plugins/com.st.stm32cube.ide.mcu.externaltools.gnu-tools-for-stm32.11.3.rel1.win32_1.1.1.202309131626/tools/bin/../lib/gcc/arm-none-eabi/11.3.1/../../../../arm-none-eabi/lib/thumb/v7e-m+dp/hard\libc_nano.a(libc_a-exit.o) (__stdio_exit_handler)
E:/Micro/STM32CubeIDE_1.13.0/STM32CubeIDE/plugins/com.st.stm32cube.ide.mcu.externaltools.gnu-tools-for-stm32.11.3.rel1.win32_1.1.1.202309131626/tools/bin/../lib/gcc/arm-none-eabi/11.3.1/../../../../arm-none-eabi/lib/thumb/v7e-m+dp/hard\libc_nano.a(libc_a-fwalk.o)
                              E:/Micro/STM32CubeIDE_1.13.0/STM32CubeIDE/plugins/com.st.stm32cube.ide.mcu.externaltools.gnu-tools-for-stm32.11.3.rel1.win32_1.1.1.202309131626/tools/bin/../lib/gcc/arm-none-eabi/11.3.1/../../../../arm-none-eabi/lib/thumb/v7e-m+dp/hard\libc_nano.a(libc_a-findfp.o) (_fwalk_sglue)
E:/Micro/STM32CubeIDE_1.13.0/STM32CubeIDE/plugins/com.st.stm32cube.ide.mcu.externaltools.gnu-tools-for-stm32.11.3.rel1.win32_1.1.1.202309131626/tools/bin/../lib/gcc/arm-none-eabi/11.3.1/../../../../arm-none-eabi/lib/thumb/v7e-m+dp/hard\libc_nano.a(libc_a-snprintf.o)
                              ./Core/Src/main.o (snprintf)
E:/Micro/STM32CubeIDE_1.13.0/STM32CubeIDE/plugins/com.st.stm32cube.ide.mcu.externaltools.gnu-tools-for-stm32.11.3.rel1.win32_1.1.1.202309131626/tools/bin/../lib/gcc/arm-none-eabi/11.3.1/../../../../arm-none-eabi/lib/thumb/v7e-m+dp/hard\libc_nano.a(libc_a-sprintf.o)
                              ./Core/Src/main.o (sprintf)
E:/Micro/STM32CubeIDE_1.13.0/STM32CubeIDE/plugins/com.st.stm32cube.ide.mcu.externaltools.gnu-tools-for-stm32.11.3.rel1.win32_1.1.1.202309131626/tools/bin/../lib/gcc/arm-none-eabi/11.3.1/../../../../arm-none-eabi/lib/thumb/v7e-m+dp/hard\libc_nano.a(libc_a-stdio.o)
                              E:/Micro/STM32CubeIDE_1.13.0/STM32CubeIDE/plugins/com.st.stm32cube.ide.mcu.externaltools.gnu-tools-for-stm32.11.3.rel1.win32_1.1.1.202309131626/tools/bin/../lib/gcc/arm-none-eabi/11.3.1/../../../../arm-none-eabi/lib/thumb/v7e-m+dp/hard\libc_nano.a(libc_a-findfp.o) (__sread)
E:/Micro/STM32CubeIDE_1.13.0/STM32CubeIDE/plugins/com.st.stm32cube.ide.mcu.externaltools.gnu-tools-for-stm32.11.3.rel1.win32_1.1.1.202309131626/tools/bin/../lib/gcc/arm-none-eabi/11.3.1/../../../../arm-none-eabi/lib/thumb/v7e-m+dp/hard\libc_nano.a(libc_a-memset.o)
                              E:/Micro/STM32CubeIDE_1.13.0/STM32CubeIDE/plugins/com.st.stm32cube.ide.mcu.externaltools.gnu-tools-for-stm32.11.3.rel1.win32_1.1.1.202309131626/tools/bin/../lib/gcc/arm-none-eabi/11.3.1/../../../../arm-none-eabi/lib/thumb/v7e-m+dp/hard/crt0.o (memset)
E:/Micro/STM32CubeIDE_1.13.0/STM32CubeIDE/plugins/com.st.stm32cube.ide.mcu.externaltools.gnu-tools-for-stm32.11.3.rel1.win32_1.1.1.202309131626/tools/bin/../lib/gcc/arm-none-eabi/11.3.1/../../../../arm-none-eabi/lib/thumb/v7e-m+dp/hard\libc_nano.a(libc_a-localeconv.o)
[...]
Memory Configuration

Name             Origin             Length             Attributes
RAM              0x0000000020000000 0x0000000000080000 xrw
FLASH            0x0000000008000000 0x0000000000200000 xr
*default*        0x0000000000000000 0xffffffffffffffff

Linker script and memory map

LOAD E:/Micro/STM32CubeIDE_1.13.0/STM32CubeIDE/plugins/com.st.stm32cube.ide.mcu.externaltools.gnu-tools-for-stm32.11.3.rel1.win32_1.1.1.202309131626/tools/bin/../lib/gcc/arm-none-eabi/11.3.1/thumb/v7e-m+dp/hard/crti.o
LOAD E:/Micro/STM32CubeIDE_1.13.0/STM32CubeIDE/plugins/com.st.stm32cube.ide.mcu.externaltools.gnu-tools-for-stm32.11.3.rel1.win32_1.1.1.202309131626/tools/bin/../lib/gcc/arm-none-eabi/11.3.1/thumb/v7e-m+dp/hard/crtbegin.o
LOAD E:/Micro/STM32CubeIDE_1.13.0/STM32CubeIDE/plugins/com.st.stm32cube.ide.mcu.externaltools.gnu-tools-for-stm32.11.3.rel1.win32_1.1.1.202309131626/tools/bin/../lib/gcc/arm-none-eabi/11.3.1/../../../../arm-none-eabi/lib/thumb/v7e-m+dp/hard/crt0.o
LOAD ./Core/Src/DFPLAYER_MINI.o
LOAD ./Core/Src/adc.o
LOAD ./Core/Src/dma.o
LOAD ./Core/Src/ds3231_for_stm32_hal.o
LOAD ./Core/Src/gpio.o
LOAD ./Core/Src/i2c.o
LOAD ./Core/Src/main.o
LOAD ./Core/Src/rng.o
LOAD ./Core/Src/spi.o
LOAD ./Core/Src/stm32f7xx_hal_msp.o
LOAD ./Core/Src/stm32f7xx_it.o
LOAD ./Core/Src/syscalls.o
LOAD ./Core/Src/sysmem.o
LOAD ./Core/Src/system_stm32f7xx.o
LOAD ./Core/Src/tim.o
LOAD ./Core/Src/usart.o
LOAD ./Core/Startup/startup_stm32f767zitx.o
LOAD ./Drivers/ILI9341/ILI9341_GFX.o
LOAD ./Drivers/ILI9341/ILI9341_STM32_Driver.o
LOAD ./Drivers/ILI9341/ILI9341_Touchscreen.o
LOAD ./Drivers/STM32F7xx_HAL_Driver/Src/stm32f7xx_hal.o
LOAD ./Drivers/STM32F7xx_HAL_Driver/Src/stm32f7xx_hal_adc.o
LOAD ./Drivers/STM32F7xx_HAL_Driver/Src/stm32f7xx_hal_adc_ex.o
LOAD ./Drivers/STM32F7xx_HAL_Driver/Src/stm32f7xx_hal_cortex.o
LOAD ./Drivers/STM32F7xx_HAL_Driver/Src/stm32f7xx_hal_dma.o
LOAD ./Drivers/STM32F7xx_HAL_Driver/Src/stm32f7xx_hal_dma_ex.o
LOAD ./Drivers/STM32F7xx_HAL_Driver/Src/stm32f7xx_hal_exti.o
LOAD ./Drivers/STM32F7xx_HAL_Driver/Src/stm32f7xx_hal_flash.o
LOAD ./Drivers/STM32F7xx_HAL_Driver/Src/stm32f7xx_hal_flash_ex.o
LOAD ./Drivers/STM32F7xx_HAL_Driver/Src/stm32f7xx_hal_gpio.o
LOAD ./Drivers/STM32F7xx_HAL_Driver/Src/stm32f7xx_hal_i2c.o
LOAD ./Drivers/STM32F7xx_HAL_Driver/Src/stm32f7xx_hal_i2c_ex.o
LOAD ./Drivers/STM32F7xx_HAL_Driver/Src/stm32f7xx_hal_pwr.o
LOAD ./Drivers/STM32F7xx_HAL_Driver/Src/stm32f7xx_hal_pwr_ex.o
LOAD ./Drivers/STM32F7xx_HAL_Driver/Src/stm32f7xx_hal_rcc.o
LOAD ./Drivers/STM32F7xx_HAL_Driver/Src/stm32f7xx_hal_rcc_ex.o
LOAD ./Drivers/STM32F7xx_HAL_Driver/Src/stm32f7xx_hal_rng.o
LOAD ./Drivers/STM32F7xx_HAL_Driver/Src/stm32f7xx_hal_spi.o
LOAD ./Drivers/STM32F7xx_HAL_Driver/Src/stm32f7xx_hal_spi_ex.o
LOAD ./Drivers/STM32F7xx_HAL_Driver/Src/stm32f7xx_hal_tim.o
LOAD ./Drivers/STM32F7xx_HAL_Driver/Src/stm32f7xx_hal_tim_ex.o
LOAD ./Drivers/STM32F7xx_HAL_Driver/Src/stm32f7xx_hal_uart.o
LOAD ./Drivers/STM32F7xx_HAL_Driver/Src/stm32f7xx_hal_uart_ex.o
START GROUP
LOAD E:/Micro/STM32CubeIDE_1.13.0/STM32CubeIDE/plugins/com.st.stm32cube.ide.mcu.externaltools.gnu-tools-for-stm32.11.3.rel1.win32_1.1.1.202309131626/tools/bin/../lib/gcc/arm-none-eabi/11.3.1/../../../../arm-none-eabi/lib/thumb/v7e-m+dp/hard\libc_nano.a
LOAD E:/Micro/STM32CubeIDE_1.13.0/STM32CubeIDE/plugins/com.st.stm32cube.ide.mcu.externaltools.gnu-tools-for-stm32.11.3.rel1.win32_1.1.1.202309131626/tools/bin/../lib/gcc/arm-none-eabi/11.3.1/../../../../arm-none-eabi/lib/thumb/v7e-m+dp/hard\libm.a
END GROUP
START GROUP
LOAD E:/Micro/STM32CubeIDE_1.13.0/STM32CubeIDE/plugins/com.st.stm32cube.ide.mcu.externaltools.gnu-tools-for-stm32.11.3.rel1.win32_1.1.1.202309131626/tools/bin/../lib/gcc/arm-none-eabi/11.3.1/thumb/v7e-m+dp/hard\libgcc.a
LOAD E:/Micro/STM32CubeIDE_1.13.0/STM32CubeIDE/plugins/com.st.stm32cube.ide.mcu.externaltools.gnu-tools-for-stm32.11.3.rel1.win32_1.1.1.202309131626/tools/bin/../lib/gcc/arm-none-eabi/11.3.1/../../../../arm-none-eabi/lib/thumb/v7e-m+dp/hard\libc_nano.a
END GROUP
START GROUP
LOAD E:/Micro/STM32CubeIDE_1.13.0/STM32CubeIDE/plugins/com.st.stm32cube.ide.mcu.externaltools.gnu-tools-for-stm32.11.3.rel1.win32_1.1.1.202309131626/tools/bin/../lib/gcc/arm-none-eabi/11.3.1/thumb/v7e-m+dp/hard\libgcc.a
LOAD E:/Micro/STM32CubeIDE_1.13.0/STM32CubeIDE/plugins/com.st.stm32cube.ide.mcu.externaltools.gnu-tools-for-stm32.11.3.rel1.win32_1.1.1.202309131626/tools/bin/../lib/gcc/arm-none-eabi/11.3.1/../../../../arm-none-eabi/lib/thumb/v7e-m+dp/hard\libc_nano.a
LOAD E:/Micro/STM32CubeIDE_1.13.0/STM32CubeIDE/plugins/com.st.stm32cube.ide.mcu.externaltools.gnu-tools-for-stm32.11.3.rel1.win32_1.1.1.202309131626/tools/bin/../lib/gcc/arm-none-eabi/11.3.1/../../../../arm-none-eabi/lib/thumb/v7e-m+dp/hard\libnosys.a
END GROUP
START GROUP
LOAD E:/Micro/STM32CubeIDE_1.13.0/STM32CubeIDE/plugins/com.st.stm32cube.ide.mcu.externaltools.gnu-tools-for-stm32.11.3.rel1.win32_1.1.1.202309131626/tools/bin/../lib/gcc/arm-none-eabi/11.3.1/thumb/v7e-m+dp/hard\libgcc.a
LOAD E:/Micro/STM32CubeIDE_1.13.0/STM32CubeIDE/plugins/com.st.stm32cube.ide.mcu.externaltools.gnu-tools-for-stm32.11.3.rel1.win32_1.1.1.202309131626/tools/bin/../lib/gcc/arm-none-eabi/11.3.1/../../../../arm-none-eabi/lib/thumb/v7e-m+dp/hard\libc_nano.a
LOAD E:/Micro/STM32CubeIDE_1.13.0/STM32CubeIDE/plugins/com.st.stm32cube.ide.mcu.externaltools.gnu-tools-for-stm32.11.3.rel1.win32_1.1.1.202309131626/tools/bin/../lib/gcc/arm-none-eabi/11.3.1/../../../../arm-none-eabi/lib/thumb/v7e-m+dp/hard\libnosys.a
END GROUP
LOAD E:/Micro/STM32CubeIDE_1.13.0/STM32CubeIDE/plugins/com.st.stm32cube.ide.mcu.externaltools.gnu-tools-for-stm32.11.3.rel1.win32_1.1.1.202309131626/tools/bin/../lib/gcc/arm-none-eabi/11.3.1/thumb/v7e-m+dp/hard/crtend.o
LOAD E:/Micro/STM32CubeIDE_1.13.0/STM32CubeIDE/plugins/com.st.stm32cube.ide.mcu.externaltools.gnu-tools-for-stm32.11.3.rel1.win32_1.1.1.202309131626/tools/bin/../lib/gcc/arm-none-eabi/11.3.1/thumb/v7e-m+dp/hard/crtn.o
                0x0000000020080000                _estack = (ORIGIN (RAM) + LENGTH (RAM))
                0x0000000000000200                _Min_Heap_Size = 0x200
                0x0000000000000400                _Min_Stack_Size = 0x400

.isr_vector     0x0000000008000000      0x1f8
                0x0000000008000000                . = ALIGN (0x4)
 *(.isr_vector)
 .isr_vector    0x0000000008000000      0x1f8 ./Core/Startup/startup_stm32f767zitx.o
                0x0000000008000000                g_pfnVectors
                0x00000000080001f8                . = ALIGN (0x4)

.text           0x0000000008000200     0xd3f4
                0x0000000008000200                . = ALIGN (0x4)
 *(.text)
 .text          0x0000000008000200       0x40 E:/Micro/STM32CubeIDE_1.13.0/STM32CubeIDE/plugins/com.st.stm32cube.ide.mcu.externaltools.gnu-tools-for-stm32.11.3.rel1.win32_1.1.1.202309131626/tools/bin/../lib/gcc/arm-none-eabi/11.3.1/thumb/v7e-m+dp/hard/crtbegin.o
 .text          0x0000000008000240       0xa0 E:/Micro/STM32CubeIDE_1.13.0/STM32CubeIDE/plugins/com.st.stm32cube.ide.mcu.externaltools.gnu-tools-for-stm32.11.3.rel1.win32_1.1.1.202309131626/tools/bin/../lib/gcc/arm-none-eabi/11.3.1/../../../../arm-none-eabi/lib/thumb/v7e-m+dp/hard\libc_nano.a(libc_a-memchr.o)
                0x0000000008000240                memchr
 .text          0x00000000080002e0       0x10 E:/Micro/STM32CubeIDE_1.13.0/STM32CubeIDE/plugins/com.st.stm32cube.ide.mcu.externaltools.gnu-tools-for-stm32.11.3.rel1.win32_1.1.1.202309131626/tools/bin/../lib/gcc/arm-none-eabi/11.3.1/../../../../arm-none-eabi/lib/thumb/v7e-m+dp/hard\libc_nano.a(libc_a-strlen.o)
                0x00000000080002e0                strlen
 .text          0x00000000080002f0       0x30 E:/Micro/STM32CubeIDE_1.13.0/STM32CubeIDE/plugins/com.st.stm32cube.ide.mcu.externaltools.gnu-tools-for-stm32.11.3.rel1.win32_1.1.1.202309131626/tools/bin/../lib/gcc/arm-none-eabi/11.3.1/thumb/v7e-m+dp/hard\libgcc.a(_aeabi_uldivmod.o)
                0x00000000080002f0                __aeabi_uldivmod
 .text          0x0000000008000320      0x2c8 E:/Micro/STM32CubeIDE_1.13.0/STM32CubeIDE/plugins/com.st.stm32cube.ide.mcu.externaltools.gnu-tools-for-stm32.11.3.rel1.win32_1.1.1.202309131626/tools/bin/../lib/gcc/arm-none-eabi/11.3.1/thumb/v7e-m+dp/hard\libgcc.a(_udivmoddi4.o)
                0x0000000008000320                __udivmoddi4
 .text          0x00000000080005e8        0x4 E:/Micro/STM32CubeIDE_1.13.0/STM32CubeIDE/plugins/com.st.stm32cube.ide.mcu.externaltools.gnu-tools-for-stm32.11.3.rel1.win32_1.1.1.202309131626/tools/bin/../lib/gcc/arm-none-eabi/11.3.1/thumb/v7e-m+dp/hard\libgcc.a(_dvmd_tls.o)
                0x00000000080005e8                __aeabi_idiv0
                0x00000000080005e8                __aeabi_ldiv0
 *(.text*)
 .text.Send_cmd
                0x00000000080005ec       0x80 ./Core/Src/DFPLAYER_MINI.o
                0x00000000080005ec                Send_cmd
 .text.DF_PlayFromStart
                0x000000000800066c       0x18 ./Core/Src/DFPLAYER_MINI.o
                0x000000000800066c                DF_PlayFromStart
 .text.DF_SetEQ
                0x0000000008000684       0x24 ./Core/Src/DFPLAYER_MINI.o
                0x0000000008000684                DF_SetEQ
 .text.DF_SetVolume
                0x00000000080006a8       0x24 ./Core/Src/DFPLAYER_MINI.o
                0x00000000080006a8                DF_SetVolume
 .text.DF_Init  0x00000000080006cc       0x36 ./Core/Src/DFPLAYER_MINI.o
                0x00000000080006cc                DF_Init
 .text.DF_Pause
                0x0000000008000702       0x18 ./Core/Src/DFPLAYER_MINI.o
                0x0000000008000702                DF_Pause
 .text.DF_Playback
                0x000000000800071a       0x18 ./Core/Src/DFPLAYER_MINI.o
                0x000000000800071a                DF_Playback
 *fill*         0x0000000008000732        0x2 
 .text.selectSong
                0x0000000008000734       0xc4 ./Core/Src/DFPLAYER_MINI.o
                0x0000000008000734                selectSong
 .text.DF_SetFolder
                0x00000000080007f8       0x2a ./Core/Src/DFPLAYER_MINI.o
                0x00000000080007f8                DF_SetFolder
 *fill*         0x0000000008000822        0x2 
 .text.MusicController
                0x0000000008000824      0x12c ./Core/Src/DFPLAYER_MINI.o
                0x0000000008000824                MusicController
 .text.MX_ADC1_Init
                0x0000000008000950       0xc0 ./Core/Src/adc.o
                0x0000000008000950                MX_ADC1_Init
 .text.HAL_ADC_MspInit
                0x0000000008000a10       0xe4 ./Core/Src/adc.o
                0x0000000008000a10                HAL_ADC_MspInit
 .text.MX_DMA_Init
                0x0000000008000af4       0x3c ./Core/Src/dma.o
                0x0000000008000af4                MX_DMA_Init
 .text.DS3231_Init
                0x0000000008000b30       0x34 ./Core/Src/ds3231_for_stm32_hal.o
                0x0000000008000b30                DS3231_Init
 .text.DS3231_SetRegByte
                0x0000000008000b64       0x3c ./Core/Src/ds3231_for_stm32_hal.o
                0x0000000008000b64                DS3231_SetRegByte
 .text.DS3231_GetRegByte
                0x0000000008000ba0       0x44 ./Core/Src/ds3231_for_stm32_hal.o
                0x0000000008000ba0                DS3231_GetRegByte
 .text.DS3231_SetInterruptMode
                0x0000000008000be4       0x40 ./Core/Src/ds3231_for_stm32_hal.o
                0x0000000008000be4                DS3231_SetInterruptMode
 .text.DS3231_SetRateSelect
                0x0000000008000c24       0x40 ./Core/Src/ds3231_for_stm32_hal.o
                0x0000000008000c24                DS3231_SetRateSelect
 .text.DS3231_EnableAlarm2
                0x0000000008000c64       0x46 ./Core/Src/ds3231_for_stm32_hal.o
                0x0000000008000c64                DS3231_EnableAlarm2
 .text.DS3231_ClearAlarm2Flag
                0x0000000008000caa       0x2c ./Core/Src/ds3231_for_stm32_hal.o
                0x0000000008000caa                DS3231_ClearAlarm2Flag
 .text.DS3231_EnableAlarm1
                0x0000000008000cd6       0x44 ./Core/Src/ds3231_for_stm32_hal.o
                0x0000000008000cd6                DS3231_EnableAlarm1
 .text.DS3231_ClearAlarm1Flag
                0x0000000008000d1a       0x2c ./Core/Src/ds3231_for_stm32_hal.o
                0x0000000008000d1a                DS3231_ClearAlarm1Flag
 .text.DS3231_SetAlarm1Second
                0x0000000008000d46       0x46 ./Core/Src/ds3231_for_stm32_hal.o
                0x0000000008000d46                DS3231_SetAlarm1Second
 .text.DS3231_SetAlarm1Minute
                0x0000000008000d8c       0x46 ./Core/Src/ds3231_for_stm32_hal.o
                0x0000000008000d8c                DS3231_SetAlarm1Minute
 .text.DS3231_SetAlarm1Hour
                0x0000000008000dd2       0x46 ./Core/Src/ds3231_for_stm32_hal.o
                0x0000000008000dd2                DS3231_SetAlarm1Hour
 .text.DS3231_SetAlarm1Day
                0x0000000008000e18       0x46 ./Core/Src/ds3231_for_stm32_hal.o
                0x0000000008000e18                DS3231_SetAlarm1Day
 .text.DS3231_SetAlarm1Mode
                0x0000000008000e5e       0xc4 ./Core/Src/ds3231_for_stm32_hal.o
                0x0000000008000e5e                DS3231_SetAlarm1Mode
 .text.DS3231_IsAlarm1Triggered
                0x0000000008000f22       0x16 ./Core/Src/ds3231_for_stm32_hal.o
                0x0000000008000f22                DS3231_IsAlarm1Triggered
 .text.DS3231_GetDayOfWeek
                0x0000000008000f38       0x18 ./Core/Src/ds3231_for_stm32_hal.o
                0x0000000008000f38                DS3231_GetDayOfWeek
 .text.DS3231_GetDate
                0x0000000008000f50       0x18 ./Core/Src/ds3231_for_stm32_hal.o
                0x0000000008000f50                DS3231_GetDate
 .text.DS3231_GetMonth
                0x0000000008000f68       0x1e ./Core/Src/ds3231_for_stm32_hal.o
                0x0000000008000f68                DS3231_GetMonth
 .text.DS3231_GetYear
                0x0000000008000f86       0x52 ./Core/Src/ds3231_for_stm32_hal.o
                0x0000000008000f86                DS3231_GetYear
 .text.DS3231_GetHour
                0x0000000008000fd8       0x18 ./Core/Src/ds3231_for_stm32_hal.o
                0x0000000008000fd8                DS3231_GetHour
 .text.DS3231_GetMinute
                0x0000000008000ff0       0x18 ./Core/Src/ds3231_for_stm32_hal.o
                0x0000000008000ff0                DS3231_GetMinute
 .text.DS3231_GetSecond
                0x0000000008001008       0x18 ./Core/Src/ds3231_for_stm32_hal.o
                0x0000000008001008                DS3231_GetSecond
 .text.DS3231_SetDayOfWeek
                0x0000000008001020       0x24 ./Core/Src/ds3231_for_stm32_hal.o
                0x0000000008001020                DS3231_SetDayOfWeek
 .text.DS3231_SetDate
                0x0000000008001044       0x24 ./Core/Src/ds3231_for_stm32_hal.o
                0x0000000008001044                DS3231_SetDate
 .text.DS3231_SetMonth
                0x0000000008001068       0x3a ./Core/Src/ds3231_for_stm32_hal.o
                0x0000000008001068                DS3231_SetMonth
 *fill*         0x00000000080010a2        0x2 
 .text.DS3231_SetYear
                0x00000000080010a4       0x88 ./Core/Src/ds3231_for_stm32_hal.o
                0x00000000080010a4                DS3231_SetYear
 .text.DS3231_SetHour
                0x000000000800112c       0x2a ./Core/Src/ds3231_for_stm32_hal.o
                0x000000000800112c                DS3231_SetHour
 .text.DS3231_SetMinute
                0x0000000008001156       0x24 ./Core/Src/ds3231_for_stm32_hal.o
                0x0000000008001156                DS3231_SetMinute
 .text.DS3231_SetSecond
                0x000000000800117a       0x24 ./Core/Src/ds3231_for_stm32_hal.o
                0x000000000800117a                DS3231_SetSecond
 .text.DS3231_SetFullTime
                0x000000000800119e       0x32 ./Core/Src/ds3231_for_stm32_hal.o
                0x000000000800119e                DS3231_SetFullTime
 .text.DS3231_SetFullDate
                0x00000000080011d0       0x46 ./Core/Src/ds3231_for_stm32_hal.o
                0x00000000080011d0                DS3231_SetFullDate
 .text.DS3231_DecodeBCD
                0x0000000008001216       0x32 ./Core/Src/ds3231_for_stm32_hal.o
                0x0000000008001216                DS3231_DecodeBCD
 .text.DS3231_EncodeBCD
                0x0000000008001248       0x44 ./Core/Src/ds3231_for_stm32_hal.o
                0x0000000008001248                DS3231_EncodeBCD
 .text.MX_GPIO_Init
                0x000000000800128c      0x2a0 ./Core/Src/gpio.o
                0x000000000800128c                MX_GPIO_Init
 .text.MX_I2C1_Init
                0x000000000800152c       0x80 ./Core/Src/i2c.o
                0x000000000800152c                MX_I2C1_Init
 .text.MX_I2C4_Init
                0x00000000080015ac       0x80 ./Core/Src/i2c.o
                0x00000000080015ac                MX_I2C4_Init
 .text.HAL_I2C_MspInit
                0x000000000800162c      0x150 ./Core/Src/i2c.o
                0x000000000800162c                HAL_I2C_MspInit
 .text.SCB_EnableICache
                0x000000000800177c       0x4c ./Core/Src/main.o
 .text.SCB_EnableDCache
                0x00000000080017c8       0x88 ./Core/Src/main.o
 .text.sendStringViaUART
                0x0000000008001850       0x2c ./Core/Src/main.o
                0x0000000008001850                sendStringViaUART
 .text.generateAndSortRandomNumbers
                0x000000000800187c       0x8c ./Core/Src/main.o
                0x000000000800187c                generateAndSortRandomNumbers
 .text.compareArrays
                0x0000000008001908       0x5a ./Core/Src/main.o
                0x0000000008001908                compareArrays
 *fill*         0x0000000008001962        0x2 
 .text.letTheMusicLouderThanAnySound
                0x0000000008001964       0x68 ./Core/Src/main.o
                0x0000000008001964                letTheMusicLouderThanAnySound
 .text.pabfai   0x00000000080019cc       0x68 ./Core/Src/main.o
                0x00000000080019cc                pabfai
 .text.main     0x0000000008001a34      0x494 ./Core/Src/main.o
                0x0000000008001a34                main
 .text.SystemClock_Config
                0x0000000008001ec8       0xe0 ./Core/Src/main.o
                0x0000000008001ec8                SystemClock_Config
 .text.CRC16_2  0x0000000008001fa8       0x78 ./Core/Src/main.o
                0x0000000008001fa8                CRC16_2
 .text.updateSensor
                0x0000000008002020      0x108 ./Core/Src/main.o
                0x0000000008002020                updateSensor
 .text.alarm    0x0000000008002128      0x288 ./Core/Src/main.o
                0x0000000008002128                alarm
 .text.updateT  0x00000000080023b0       0x80 ./Core/Src/main.o
                0x00000000080023b0                updateT
 .text.showT    0x0000000008002430      0x240 ./Core/Src/main.o
                0x0000000008002430                showT
 .text.showSetTime
                0x0000000008002670      0x240 ./Core/Src/main.o
                0x0000000008002670                showSetTime
 .text.showSetAlarm
                0x00000000080028b0      0x188 ./Core/Src/main.o
                0x00000000080028b0                showSetAlarm
 .text.songSelectpage
                0x0000000008002a38      0x11c ./Core/Src/main.o
                0x0000000008002a38                songSelectpage
 .text.setPage  0x0000000008002b54      0x710 ./Core/Src/main.o
                0x0000000008002b54                setPage
 .text.RGB565   0x0000000008003264      0x134 ./Core/Src/main.o
                0x0000000008003264                RGB565
 .text.mapColorByHourAndMinute
                0x0000000008003398      0x100 ./Core/Src/main.o
                0x0000000008003398                mapColorByHourAndMinute
 .text.complementaryColor
                0x0000000008003498       0x6e ./Core/Src/main.o
                0x0000000008003498                complementaryColor
 *fill*         0x0000000008003506        0x2 
 .text.dayofweek
                0x0000000008003508       0xa4 ./Core/Src/main.o
                0x0000000008003508                dayofweek
 .text.Error_Handler
                0x00000000080035ac        0x6 ./Core/Src/main.o
                0x00000000080035ac                Error_Handler
 *fill*         0x00000000080035b2        0x2 
 .text.MX_RNG_Init
                0x00000000080035b4       0x28 ./Core/Src/rng.o
                0x00000000080035b4                MX_RNG_Init
 .text.HAL_RNG_MspInit
                0x00000000080035dc       0x68 ./Core/Src/rng.o
                0x00000000080035dc                HAL_RNG_MspInit
 .text.MX_SPI5_Init
                0x0000000008003644       0x7c ./Core/Src/spi.o
                0x0000000008003644                MX_SPI5_Init
 .text.HAL_SPI_MspInit
                0x00000000080036c0       0x88 ./Core/Src/spi.o
                0x00000000080036c0                HAL_SPI_MspInit
 .text.HAL_MspInit
                0x0000000008003748       0x48 ./Core/Src/stm32f7xx_hal_msp.o
                0x0000000008003748                HAL_MspInit
 .text.SysTick_Handler
                0x0000000008003790        0xc ./Core/Src/stm32f7xx_it.o
                0x0000000008003790                SysTick_Handler
 .text.TIM1_UP_TIM10_IRQHandler
                0x000000000800379c       0x20 ./Core/Src/stm32f7xx_it.o
                0x000000000800379c                TIM1_UP_TIM10_IRQHandler
 .text.EXTI15_10_IRQHandler
                0x00000000080037bc       0x28 ./Core/Src/stm32f7xx_it.o
                0x00000000080037bc                EXTI15_10_IRQHandler
 .text.DMA2_Stream0_IRQHandler
                0x00000000080037e4       0x14 ./Core/Src/stm32f7xx_it.o
                0x00000000080037e4                DMA2_Stream0_IRQHandler
 .text._getpid  0x00000000080037f8       0x10 ./Core/Src/syscalls.o
                0x00000000080037f8                _getpid
 .text._kill    0x0000000008003808       0x20 ./Core/Src/syscalls.o
                0x0000000008003808                _kill
 .text._exit    0x0000000008003828       0x14 ./Core/Src/syscalls.o
                0x0000000008003828                _exit
 .text._read    0x000000000800383c       0x3a ./Core/Src/syscalls.o
                0x000000000800383c                _read
 .text._write   0x0000000008003876       0x38 ./Core/Src/syscalls.o
                0x0000000008003876                _write
 .text._close   0x00000000080038ae       0x18 ./Core/Src/syscalls.o
                0x00000000080038ae                _close
 .text._fstat   0x00000000080038c6       0x20 ./Core/Src/syscalls.o
                0x00000000080038c6                _fstat
 .text._isatty  0x00000000080038e6       0x16 ./Core/Src/syscalls.o
                0x00000000080038e6                _isatty
 .text._lseek   0x00000000080038fc       0x1a ./Core/Src/syscalls.o
                0x00000000080038fc                _lseek
 *fill*         0x0000000008003916        0x2 
 .text._sbrk    0x0000000008003918       0x6c ./Core/Src/sysmem.o
                0x0000000008003918                _sbrk
 .text.SystemInit
                0x0000000008003984       0x6c ./Core/Src/system_stm32f7xx.o
                0x0000000008003984                SystemInit
 .text.MX_TIM1_Init
                0x00000000080039f0      0x158 ./Core/Src/tim.o
                0x00000000080039f0                MX_TIM1_Init
 .text.MX_TIM2_Init
                0x0000000008003b48       0xb4 ./Core/Src/tim.o
                0x0000000008003b48                MX_TIM2_Init
 .text.MX_TIM3_Init
                0x0000000008003bfc       0x9c ./Core/Src/tim.o
                0x0000000008003bfc                MX_TIM3_Init
 .text.MX_TIM4_Init
                0x0000000008003c98       0x9c ./Core/Src/tim.o
                0x0000000008003c98                MX_TIM4_Init
 .text.MX_TIM5_Init
                0x0000000008003d34       0xf0 ./Core/Src/tim.o
                0x0000000008003d34                MX_TIM5_Init
 .text.MX_TIM9_Init
                0x0000000008003e24       0x70 ./Core/Src/tim.o
                0x0000000008003e24                MX_TIM9_Init
 .text.HAL_TIM_Base_MspInit
                0x0000000008003e94       0xec ./Core/Src/tim.o
                0x0000000008003e94                HAL_TIM_Base_MspInit
 .text.HAL_TIM_PWM_MspInit
                0x0000000008003f80       0x3c ./Core/Src/tim.o
                0x0000000008003f80                HAL_TIM_PWM_MspInit
 .text.HAL_TIM_MspPostInit
                0x0000000008003fbc      0x100 ./Core/Src/tim.o
                0x0000000008003fbc                HAL_TIM_MspPostInit
 .text.MX_USART3_UART_Init
                0x00000000080040bc       0x60 ./Core/Src/usart.o
                0x00000000080040bc                MX_USART3_UART_Init
 .text.MX_USART6_UART_Init
                0x000000000800411c       0x60 ./Core/Src/usart.o
                0x000000000800411c                MX_USART6_UART_Init
 .text.HAL_UART_MspInit
                0x000000000800417c      0x14c ./Core/Src/usart.o
                0x000000000800417c                HAL_UART_MspInit
 .text.Reset_Handler
                0x00000000080042c8       0x50 ./Core/Startup/startup_stm32f767zitx.o
                0x00000000080042c8                Reset_Handler
 .text.Default_Handler
                0x0000000008004318        0x2 ./Core/Startup/startup_stm32f767zitx.o
                0x0000000008004318                RTC_Alarm_IRQHandler
                0x0000000008004318                EXTI2_IRQHandler
                0x0000000008004318                TIM8_CC_IRQHandler
                0x0000000008004318                DebugMon_Handler
                0x0000000008004318                UART8_IRQHandler
                0x0000000008004318                SPI4_IRQHandler
                0x0000000008004318                TIM1_CC_IRQHandler
                0x0000000008004318                DMA2_Stream5_IRQHandler
                0x0000000008004318                HardFault_Handler
                0x0000000008004318                JPEG_IRQHandler
                0x0000000008004318                DMA1_Stream5_IRQHandler
                0x0000000008004318                CAN3_RX1_IRQHandler
                0x0000000008004318                PVD_IRQHandler
                0x0000000008004318                TAMP_STAMP_IRQHandler
                0x0000000008004318                PendSV_Handler
                0x0000000008004318                NMI_Handler
                0x0000000008004318                CAN2_RX1_IRQHandler
                0x0000000008004318                EXTI3_IRQHandler
                0x0000000008004318                TIM8_TRG_COM_TIM14_IRQHandler
                0x0000000008004318                DFSDM1_FLT1_IRQHandler
                0x0000000008004318                TIM8_UP_TIM13_IRQHandler
                0x0000000008004318                I2C3_ER_IRQHandler
                0x0000000008004318                DFSDM1_FLT2_IRQHandler
                0x0000000008004318                EXTI0_IRQHandler
                0x0000000008004318                I2C2_EV_IRQHandler
                0x0000000008004318                DMA1_Stream2_IRQHandler
                0x0000000008004318                CAN1_RX0_IRQHandler
                0x0000000008004318                FPU_IRQHandler
                0x0000000008004318                OTG_HS_WKUP_IRQHandler
                0x0000000008004318                CAN3_SCE_IRQHandler
                0x0000000008004318                UsageFault_Handler
                0x0000000008004318                LTDC_ER_IRQHandler
                0x0000000008004318                CAN2_SCE_IRQHandler
                0x0000000008004318                DMA2_Stream2_IRQHandler
                0x0000000008004318                SPI1_IRQHandler
                0x0000000008004318                TIM6_DAC_IRQHandler
                0x0000000008004318                TIM1_BRK_TIM9_IRQHandler
                0x0000000008004318                DCMI_IRQHandler
                0x0000000008004318                CAN2_RX0_IRQHandler
                0x0000000008004318                DMA2_Stream3_IRQHandler
                0x0000000008004318                SAI2_IRQHandler
                0x0000000008004318                DFSDM1_FLT3_IRQHandler
                0x0000000008004318                USART6_IRQHandler
                0x0000000008004318                CAN3_RX0_IRQHandler
                0x0000000008004318                USART3_IRQHandler
                0x0000000008004318                CAN1_RX1_IRQHandler
                0x0000000008004318                UART5_IRQHandler
                0x0000000008004318                TIM4_IRQHandler
                0x0000000008004318                QUADSPI_IRQHandler
                0x0000000008004318                I2C1_EV_IRQHandler
                0x0000000008004318                DMA1_Stream6_IRQHandler
                0x0000000008004318                DMA1_Stream1_IRQHandler
                0x0000000008004318                UART4_IRQHandler
                0x0000000008004318                TIM3_IRQHandler
                0x0000000008004318                RCC_IRQHandler
                0x0000000008004318                TIM8_BRK_TIM12_IRQHandler
                0x0000000008004318                Default_Handler
                0x0000000008004318                CEC_IRQHandler
                0x0000000008004318                ADC_IRQHandler
                0x0000000008004318                DMA1_Stream7_IRQHandler
                0x0000000008004318                SPI5_IRQHandler
                0x0000000008004318                TIM7_IRQHandler
                0x0000000008004318                SDMMC1_IRQHandler
                0x0000000008004318                CAN2_TX_IRQHandler
                0x0000000008004318                TIM5_IRQHandler
                0x0000000008004318                DMA2_Stream7_IRQHandler
                0x0000000008004318                I2C3_EV_IRQHandler
                0x0000000008004318                EXTI9_5_IRQHandler
                0x0000000008004318                RTC_WKUP_IRQHandler
                0x0000000008004318                LTDC_IRQHandler
                0x0000000008004318                ETH_WKUP_IRQHandler
                0x0000000008004318                SPDIF_RX_IRQHandler
                0x0000000008004318                SPI2_IRQHandler
                0x0000000008004318                OTG_HS_EP1_IN_IRQHandler
                0x0000000008004318                MemManage_Handler
                0x0000000008004318                DMA1_Stream0_IRQHandler
                0x0000000008004318                CAN1_TX_IRQHandler
                0x0000000008004318                SVC_Handler
                0x0000000008004318                EXTI4_IRQHandler
                0x0000000008004318                RNG_IRQHandler
                0x0000000008004318                ETH_IRQHandler
                0x0000000008004318                OTG_HS_EP1_OUT_IRQHandler
                0x0000000008004318                WWDG_IRQHandler
                0x0000000008004318                SPI6_IRQHandler
                0x0000000008004318                MDIOS_IRQHandler
                0x0000000008004318                I2C4_EV_IRQHandler
                0x0000000008004318                CAN3_TX_IRQHandler
                0x0000000008004318                TIM2_IRQHandler
                0x0000000008004318                OTG_FS_WKUP_IRQHandler
                0x0000000008004318                TIM1_TRG_COM_TIM11_IRQHandler
                0x0000000008004318                OTG_HS_IRQHandler
                0x0000000008004318                DMA2D_IRQHandler
                0x0000000008004318                EXTI1_IRQHandler
                0x0000000008004318                SDMMC2_IRQHandler
                0x0000000008004318                UART7_IRQHandler
                0x0000000008004318                USART2_IRQHandler
                0x0000000008004318                DFSDM1_FLT0_IRQHandler
                0x0000000008004318                I2C2_ER_IRQHandler
                0x0000000008004318                DMA2_Stream1_IRQHandler
                0x0000000008004318                CAN1_SCE_IRQHandler
                0x0000000008004318                FLASH_IRQHandler
                0x0000000008004318                DMA2_Stream4_IRQHandler
                0x0000000008004318                BusFault_Handler
                0x0000000008004318                USART1_IRQHandler
                0x0000000008004318                OTG_FS_IRQHandler
                0x0000000008004318                SPI3_IRQHandler
                0x0000000008004318                DMA1_Stream4_IRQHandler
                0x0000000008004318                I2C1_ER_IRQHandler
                0x0000000008004318                FMC_IRQHandler
                0x0000000008004318                LPTIM1_IRQHandler
                0x0000000008004318                I2C4_ER_IRQHandler
                0x0000000008004318                DMA2_Stream6_IRQHandler
                0x0000000008004318                SAI1_IRQHandler
                0x0000000008004318                DMA1_Stream3_IRQHandler
 .text.ILI9341_Draw_Filled_Rectangle_Coord
                0x000000000800431a       0xbc ./Drivers/ILI9341/ILI9341_GFX.o
                0x000000000800431a                ILI9341_Draw_Filled_Rectangle_Coord
 *fill*         0x00000000080043d6        0x2 
 .text.ILI9341_Draw_Char
                0x00000000080043d8      0x134 ./Drivers/ILI9341/ILI9341_GFX.o
                0x00000000080043d8                ILI9341_Draw_Char
 .text.ILI9341_Draw_Text
                0x000000000800450c       0x5e ./Drivers/ILI9341/ILI9341_GFX.o
                0x000000000800450c                ILI9341_Draw_Text
 *fill*         0x000000000800456a        0x2 
 .text.ILI9341_SPI_Init
                0x000000000800456c       0x20 ./Drivers/ILI9341/ILI9341_STM32_Driver.o
                0x000000000800456c                ILI9341_SPI_Init
 .text.ILI9341_SPI_Send
                0x000000000800458c       0x24 ./Drivers/ILI9341/ILI9341_STM32_Driver.o
                0x000000000800458c                ILI9341_SPI_Send
 .text.ILI9341_Write_Command
                0x00000000080045b0       0x44 ./Drivers/ILI9341/ILI9341_STM32_Driver.o
                0x00000000080045b0                ILI9341_Write_Command
 .text.ILI9341_Write_Data
                0x00000000080045f4       0x44 ./Drivers/ILI9341/ILI9341_STM32_Driver.o
                0x00000000080045f4                ILI9341_Write_Data
 .text.ILI9341_Set_Address
                0x0000000008004638       0x98 ./Drivers/ILI9341/ILI9341_STM32_Driver.o
                0x0000000008004638                ILI9341_Set_Address
 .text.ILI9341_Reset
                0x00000000080046d0       0x3c ./Drivers/ILI9341/ILI9341_STM32_Driver.o
                0x00000000080046d0                ILI9341_Reset
 .text.ILI9341_Set_Rotation
                0x000000000800470c       0xa4 ./Drivers/ILI9341/ILI9341_STM32_Driver.o
                0x000000000800470c                ILI9341_Set_Rotation
 .text.ILI9341_Enable
                0x00000000080047b0       0x18 ./Drivers/ILI9341/ILI9341_STM32_Driver.o
                0x00000000080047b0                ILI9341_Enable
 .text.ILI9341_Init
                0x00000000080047c8      0x21a ./Drivers/ILI9341/ILI9341_STM32_Driver.o
                0x00000000080047c8                ILI9341_Init
 *fill*         0x00000000080049e2        0x2 
 .text.ILI9341_Draw_Colour_Burst
                0x00000000080049e4      0x13c ./Drivers/ILI9341/ILI9341_STM32_Driver.o
                0x00000000080049e4                ILI9341_Draw_Colour_Burst
 .text.ILI9341_Fill_Screen
                0x0000000008004b20       0x4c ./Drivers/ILI9341/ILI9341_STM32_Driver.o
                0x0000000008004b20                ILI9341_Fill_Screen
 .text.ILI9341_Draw_Pixel
                0x0000000008004b6c      0x1b4 ./Drivers/ILI9341/ILI9341_STM32_Driver.o
                0x0000000008004b6c                ILI9341_Draw_Pixel
 .text.ILI9341_Draw_Rectangle
                0x0000000008004d20       0xb8 ./Drivers/ILI9341/ILI9341_STM32_Driver.o
                0x0000000008004d20                ILI9341_Draw_Rectangle
 .text.HAL_Init
                0x0000000008004dd8       0x2c ./Drivers/STM32F7xx_HAL_Driver/Src/stm32f7xx_hal.o
                0x0000000008004dd8                HAL_Init
 .text.HAL_InitTick
                0x0000000008004e04       0x60 ./Drivers/STM32F7xx_HAL_Driver/Src/stm32f7xx_hal.o
                0x0000000008004e04                HAL_InitTick
 .text.HAL_IncTick
                0x0000000008004e64       0x28 ./Drivers/STM32F7xx_HAL_Driver/Src/stm32f7xx_hal.o
                0x0000000008004e64                HAL_IncTick
 .text.HAL_GetTick
                0x0000000008004e8c       0x18 ./Drivers/STM32F7xx_HAL_Driver/Src/stm32f7xx_hal.o
                0x0000000008004e8c                HAL_GetTick
 .text.HAL_Delay
                0x0000000008004ea4       0x48 ./Drivers/STM32F7xx_HAL_Driver/Src/stm32f7xx_hal.o
                0x0000000008004ea4                HAL_Delay
 .text.HAL_ADC_Init
                0x0000000008004eec       0x88 ./Drivers/STM32F7xx_HAL_Driver/Src/stm32f7xx_hal_adc.o
                0x0000000008004eec                HAL_ADC_Init
 .text.HAL_ADC_Start_DMA
                0x0000000008004f74      0x1f4 ./Drivers/STM32F7xx_HAL_Driver/Src/stm32f7xx_hal_adc.o
                0x0000000008004f74                HAL_ADC_Start_DMA
 .text.HAL_ADC_ConvCpltCallback
                0x0000000008005168       0x14 ./Drivers/STM32F7xx_HAL_Driver/Src/stm32f7xx_hal_adc.o
                0x0000000008005168                HAL_ADC_ConvCpltCallback
 .text.HAL_ADC_ConvHalfCpltCallback
                0x000000000800517c       0x14 ./Drivers/STM32F7xx_HAL_Driver/Src/stm32f7xx_hal_adc.o
                0x000000000800517c                HAL_ADC_ConvHalfCpltCallback
 .text.HAL_ADC_ErrorCallback
                0x0000000008005190       0x14 ./Drivers/STM32F7xx_HAL_Driver/Src/stm32f7xx_hal_adc.o
                0x0000000008005190                HAL_ADC_ErrorCallback
 .text.HAL_ADC_ConfigChannel
                0x00000000080051a4      0x2ac ./Drivers/STM32F7xx_HAL_Driver/Src/stm32f7xx_hal_adc.o
                0x00000000080051a4                HAL_ADC_ConfigChannel
 .text.ADC_Init
                0x0000000008005450      0x1f4 ./Drivers/STM32F7xx_HAL_Driver/Src/stm32f7xx_hal_adc.o
 .text.ADC_DMAConvCplt
                0x0000000008005644       0xba ./Drivers/STM32F7xx_HAL_Driver/Src/stm32f7xx_hal_adc.o
 .text.ADC_DMAHalfConvCplt
                0x00000000080056fe       0x1c ./Drivers/STM32F7xx_HAL_Driver/Src/stm32f7xx_hal_adc.o
 .text.ADC_DMAError
                0x000000000800571a       0x2e ./Drivers/STM32F7xx_HAL_Driver/Src/stm32f7xx_hal_adc.o
 .text.__NVIC_SetPriorityGrouping
                0x0000000008005748       0x48 ./Drivers/STM32F7xx_HAL_Driver/Src/stm32f7xx_hal_cortex.o
 .text.__NVIC_GetPriorityGrouping
                0x0000000008005790       0x1c ./Drivers/STM32F7xx_HAL_Driver/Src/stm32f7xx_hal_cortex.o
 .text.__NVIC_EnableIRQ
                0x00000000080057ac       0x3c ./Drivers/STM32F7xx_HAL_Driver/Src/stm32f7xx_hal_cortex.o
 .text.__NVIC_SetPriority
                0x00000000080057e8       0x54 ./Drivers/STM32F7xx_HAL_Driver/Src/stm32f7xx_hal_cortex.o
 .text.NVIC_EncodePriority
                0x000000000800583c       0x66 ./Drivers/STM32F7xx_HAL_Driver/Src/stm32f7xx_hal_cortex.o
 *fill*         0x00000000080058a2        0x2 
 .text.SysTick_Config
                0x00000000080058a4       0x44 ./Drivers/STM32F7xx_HAL_Driver/Src/stm32f7xx_hal_cortex.o
 .text.HAL_NVIC_SetPriorityGrouping
                0x00000000080058e8       0x16 ./Drivers/STM32F7xx_HAL_Driver/Src/stm32f7xx_hal_cortex.o
                0x00000000080058e8                HAL_NVIC_SetPriorityGrouping
 .text.HAL_NVIC_SetPriority
                0x00000000080058fe       0x38 ./Drivers/STM32F7xx_HAL_Driver/Src/stm32f7xx_hal_cortex.o
                0x00000000080058fe                HAL_NVIC_SetPriority
 .text.HAL_NVIC_EnableIRQ
                0x0000000008005936       0x1c ./Drivers/STM32F7xx_HAL_Driver/Src/stm32f7xx_hal_cortex.o
                0x0000000008005936                HAL_NVIC_EnableIRQ
 .text.HAL_SYSTICK_Config
                0x0000000008005952       0x18 ./Drivers/STM32F7xx_HAL_Driver/Src/stm32f7xx_hal_cortex.o
                0x0000000008005952                HAL_SYSTICK_Config
 *fill*         0x000000000800596a        0x2 
 .text.HAL_DMA_Init
                0x000000000800596c      0x15c ./Drivers/STM32F7xx_HAL_Driver/Src/stm32f7xx_hal_dma.o
                0x000000000800596c                HAL_DMA_Init
 .text.HAL_DMA_Start_IT
                0x0000000008005ac8       0xc0 ./Drivers/STM32F7xx_HAL_Driver/Src/stm32f7xx_hal_dma.o
                0x0000000008005ac8                HAL_DMA_Start_IT
 .text.HAL_DMA_IRQHandler
                0x0000000008005b88      0x314 ./Drivers/STM32F7xx_HAL_Driver/Src/stm32f7xx_hal_dma.o
                0x0000000008005b88                HAL_DMA_IRQHandler
 .text.DMA_SetConfig
                0x0000000008005e9c       0x5c ./Drivers/STM32F7xx_HAL_Driver/Src/stm32f7xx_hal_dma.o
 .text.DMA_CalcBaseAndBitshift
                0x0000000008005ef8       0x6c ./Drivers/STM32F7xx_HAL_Driver/Src/stm32f7xx_hal_dma.o
 .text.DMA_CheckFifoParam
                0x0000000008005f64       0xf8 ./Drivers/STM32F7xx_HAL_Driver/Src/stm32f7xx_hal_dma.o
 .text.HAL_GPIO_Init
                0x000000000800605c      0x358 ./Drivers/STM32F7xx_HAL_Driver/Src/stm32f7xx_hal_gpio.o
                0x000000000800605c                HAL_GPIO_Init
 .text.HAL_GPIO_ReadPin
                0x00000000080063b4       0x30 ./Drivers/STM32F7xx_HAL_Driver/Src/stm32f7xx_hal_gpio.o
                0x00000000080063b4                HAL_GPIO_ReadPin
 .text.HAL_GPIO_WritePin
                0x00000000080063e4       0x32 ./Drivers/STM32F7xx_HAL_Driver/Src/stm32f7xx_hal_gpio.o
                0x00000000080063e4                HAL_GPIO_WritePin
 *fill*         0x0000000008006416        0x2 
 .text.HAL_GPIO_EXTI_IRQHandler
                0x0000000008006418       0x30 ./Drivers/STM32F7xx_HAL_Driver/Src/stm32f7xx_hal_gpio.o
                0x0000000008006418                HAL_GPIO_EXTI_IRQHandler
 .text.HAL_GPIO_EXTI_Callback
                0x0000000008006448       0x16 ./Drivers/STM32F7xx_HAL_Driver/Src/stm32f7xx_hal_gpio.o
                0x0000000008006448                HAL_GPIO_EXTI_Callback
 *fill*         0x000000000800645e        0x2 
 .text.HAL_I2C_Init
                0x0000000008006460      0x120 ./Drivers/STM32F7xx_HAL_Driver/Src/stm32f7xx_hal_i2c.o
                0x0000000008006460                HAL_I2C_Init
 .text.HAL_I2C_Master_Transmit
                0x0000000008006580      0x1e8 ./Drivers/STM32F7xx_HAL_Driver/Src/stm32f7xx_hal_i2c.o
                0x0000000008006580                HAL_I2C_Master_Transmit
 .text.HAL_I2C_Master_Receive
                0x0000000008006768      0x1ec ./Drivers/STM32F7xx_HAL_Driver/Src/stm32f7xx_hal_i2c.o
                0x0000000008006768                HAL_I2C_Master_Receive
 .text.I2C_Flush_TXDR
                0x0000000008006954       0x48 ./Drivers/STM32F7xx_HAL_Driver/Src/stm32f7xx_hal_i2c.o
 .text.I2C_WaitOnFlagUntilTimeout
                0x000000000800699c       0x80 ./Drivers/STM32F7xx_HAL_Driver/Src/stm32f7xx_hal_i2c.o
 .text.I2C_WaitOnTXISFlagUntilTimeout
                0x0000000008006a1c       0x80 ./Drivers/STM32F7xx_HAL_Driver/Src/stm32f7xx_hal_i2c.o
 .text.I2C_WaitOnSTOPFlagUntilTimeout
                0x0000000008006a9c       0x78 ./Drivers/STM32F7xx_HAL_Driver/Src/stm32f7xx_hal_i2c.o
 .text.I2C_WaitOnRXNEFlagUntilTimeout
                0x0000000008006b14       0xf4 ./Drivers/STM32F7xx_HAL_Driver/Src/stm32f7xx_hal_i2c.o
 .text.I2C_IsErrorOccurred
                0x0000000008006c08      0x1c0 ./Drivers/STM32F7xx_HAL_Driver/Src/stm32f7xx_hal_i2c.o
 .text.I2C_TransferConfig
                0x0000000008006dc8       0x64 ./Drivers/STM32F7xx_HAL_Driver/Src/stm32f7xx_hal_i2c.o
 .text.HAL_I2CEx_ConfigAnalogFilter
                0x0000000008006e2c       0x96 ./Drivers/STM32F7xx_HAL_Driver/Src/stm32f7xx_hal_i2c_ex.o
                0x0000000008006e2c                HAL_I2CEx_ConfigAnalogFilter
 .text.HAL_I2CEx_ConfigDigitalFilter
                0x0000000008006ec2       0x98 ./Drivers/STM32F7xx_HAL_Driver/Src/stm32f7xx_hal_i2c_ex.o
                0x0000000008006ec2                HAL_I2CEx_ConfigDigitalFilter
 *fill*         0x0000000008006f5a        0x2 
 .text.HAL_PWR_EnableBkUpAccess
                0x0000000008006f5c       0x20 ./Drivers/STM32F7xx_HAL_Driver/Src/stm32f7xx_hal_pwr.o
                0x0000000008006f5c                HAL_PWR_EnableBkUpAccess
 .text.HAL_PWREx_EnableOverDrive
                0x0000000008006f7c       0xa0 ./Drivers/STM32F7xx_HAL_Driver/Src/stm32f7xx_hal_pwr_ex.o
                0x0000000008006f7c                HAL_PWREx_EnableOverDrive
 .text.HAL_RCC_OscConfig
                0x000000000800701c      0x55c ./Drivers/STM32F7xx_HAL_Driver/Src/stm32f7xx_hal_rcc.o
                0x000000000800701c                HAL_RCC_OscConfig
 .text.HAL_RCC_ClockConfig
                0x0000000008007578      0x1d8 ./Drivers/STM32F7xx_HAL_Driver/Src/stm32f7xx_hal_rcc.o
                0x0000000008007578                HAL_RCC_ClockConfig
 .text.HAL_RCC_GetSysClockFreq
                0x0000000008007750      0x20c ./Drivers/STM32F7xx_HAL_Driver/Src/stm32f7xx_hal_rcc.o
                0x0000000008007750                HAL_RCC_GetSysClockFreq
 .text.HAL_RCC_GetHCLKFreq
                0x000000000800795c       0x18 ./Drivers/STM32F7xx_HAL_Driver/Src/stm32f7xx_hal_rcc.o
                0x000000000800795c                HAL_RCC_GetHCLKFreq
 .text.HAL_RCC_GetPCLK1Freq
                0x0000000008007974       0x28 ./Drivers/STM32F7xx_HAL_Driver/Src/stm32f7xx_hal_rcc.o
                0x0000000008007974                HAL_RCC_GetPCLK1Freq
 .text.HAL_RCC_GetPCLK2Freq
                0x000000000800799c       0x28 ./Drivers/STM32F7xx_HAL_Driver/Src/stm32f7xx_hal_rcc.o
                0x000000000800799c                HAL_RCC_GetPCLK2Freq
 .text.HAL_RCCEx_PeriphCLKConfig
                0x00000000080079c4      0x850 ./Drivers/STM32F7xx_HAL_Driver/Src/stm32f7xx_hal_rcc_ex.o
                0x00000000080079c4                HAL_RCCEx_PeriphCLKConfig
 .text.HAL_RNG_Init
                0x0000000008008214       0x54 ./Drivers/STM32F7xx_HAL_Driver/Src/stm32f7xx_hal_rng.o
                0x0000000008008214                HAL_RNG_Init
 .text.HAL_RNG_GenerateRandomNumber
                0x0000000008008268       0xac ./Drivers/STM32F7xx_HAL_Driver/Src/stm32f7xx_hal_rng.o
                0x0000000008008268                HAL_RNG_GenerateRandomNumber
 .text.HAL_RNG_GetRandomNumber
                0x0000000008008314       0x2a ./Drivers/STM32F7xx_HAL_Driver/Src/stm32f7xx_hal_rng.o
                0x0000000008008314                HAL_RNG_GetRandomNumber
 .text.HAL_SPI_Init
                0x000000000800833e      0x156 ./Drivers/STM32F7xx_HAL_Driver/Src/stm32f7xx_hal_spi.o
                0x000000000800833e                HAL_SPI_Init
 .text.HAL_SPI_Transmit
                0x0000000008008494      0x2dc ./Drivers/STM32F7xx_HAL_Driver/Src/stm32f7xx_hal_spi.o
                0x0000000008008494                HAL_SPI_Transmit
 .text.SPI_WaitFlagStateUntilTimeout
                0x0000000008008770      0x110 ./Drivers/STM32F7xx_HAL_Driver/Src/stm32f7xx_hal_spi.o
 .text.SPI_WaitFifoStateUntilTimeout
                0x0000000008008880      0x12c ./Drivers/STM32F7xx_HAL_Driver/Src/stm32f7xx_hal_spi.o
 .text.SPI_EndRxTxTransaction
                0x00000000080089ac       0xd4 ./Drivers/STM32F7xx_HAL_Driver/Src/stm32f7xx_hal_spi.o
 .text.HAL_TIM_Base_Init
                0x0000000008008a80       0xae ./Drivers/STM32F7xx_HAL_Driver/Src/stm32f7xx_hal_tim.o
                0x0000000008008a80                HAL_TIM_Base_Init
 *fill*         0x0000000008008b2e        0x2 
 .text.HAL_TIM_Base_Start_IT
                0x0000000008008b30       0xf0 ./Drivers/STM32F7xx_HAL_Driver/Src/stm32f7xx_hal_tim.o
                0x0000000008008b30                HAL_TIM_Base_Start_IT
 .text.HAL_TIM_PWM_Init
                0x0000000008008c20       0xae ./Drivers/STM32F7xx_HAL_Driver/Src/stm32f7xx_hal_tim.o
                0x0000000008008c20                HAL_TIM_PWM_Init
 *fill*         0x0000000008008cce        0x2 
 .text.HAL_TIM_PWM_Start
                0x0000000008008cd0      0x1f4 ./Drivers/STM32F7xx_HAL_Driver/Src/stm32f7xx_hal_tim.o
                0x0000000008008cd0                HAL_TIM_PWM_Start
 .text.HAL_TIM_PWM_Stop
                0x0000000008008ec4      0x100 ./Drivers/STM32F7xx_HAL_Driver/Src/stm32f7xx_hal_tim.o
                0x0000000008008ec4                HAL_TIM_PWM_Stop
 .text.HAL_TIM_IRQHandler
                0x0000000008008fc4      0x23e ./Drivers/STM32F7xx_HAL_Driver/Src/stm32f7xx_hal_tim.o
                0x0000000008008fc4                HAL_TIM_IRQHandler
 *fill*         0x0000000008009202        0x2 
 .text.HAL_TIM_PWM_ConfigChannel
                0x0000000008009204      0x228 ./Drivers/STM32F7xx_HAL_Driver/Src/stm32f7xx_hal_tim.o
                0x0000000008009204                HAL_TIM_PWM_ConfigChannel
 .text.HAL_TIM_ConfigClockSource
                0x000000000800942c      0x194 ./Drivers/STM32F7xx_HAL_Driver/Src/stm32f7xx_hal_tim.o
                0x000000000800942c                HAL_TIM_ConfigClockSource
 .text.HAL_TIM_PeriodElapsedCallback
                0x00000000080095c0       0x14 ./Drivers/STM32F7xx_HAL_Driver/Src/stm32f7xx_hal_tim.o
                0x00000000080095c0                HAL_TIM_PeriodElapsedCallback
 .text.HAL_TIM_OC_DelayElapsedCallback
                0x00000000080095d4       0x14 ./Drivers/STM32F7xx_HAL_Driver/Src/stm32f7xx_hal_tim.o
                0x00000000080095d4                HAL_TIM_OC_DelayElapsedCallback
 .text.HAL_TIM_IC_CaptureCallback
                0x00000000080095e8       0x14 ./Drivers/STM32F7xx_HAL_Driver/Src/stm32f7xx_hal_tim.o
                0x00000000080095e8                HAL_TIM_IC_CaptureCallback
 .text.HAL_TIM_PWM_PulseFinishedCallback
                0x00000000080095fc       0x14 ./Drivers/STM32F7xx_HAL_Driver/Src/stm32f7xx_hal_tim.o
                0x00000000080095fc                HAL_TIM_PWM_PulseFinishedCallback
 .text.HAL_TIM_TriggerCallback
                0x0000000008009610       0x14 ./Drivers/STM32F7xx_HAL_Driver/Src/stm32f7xx_hal_tim.o
                0x0000000008009610                HAL_TIM_TriggerCallback
 .text.TIM_Base_SetConfig
                0x0000000008009624      0x140 ./Drivers/STM32F7xx_HAL_Driver/Src/stm32f7xx_hal_tim.o
                0x0000000008009624                TIM_Base_SetConfig
 .text.TIM_OC1_SetConfig
                0x0000000008009764       0xe4 ./Drivers/STM32F7xx_HAL_Driver/Src/stm32f7xx_hal_tim.o
 .text.TIM_OC2_SetConfig
                0x0000000008009848       0xf0 ./Drivers/STM32F7xx_HAL_Driver/Src/stm32f7xx_hal_tim.o
                0x0000000008009848                TIM_OC2_SetConfig
 .text.TIM_OC3_SetConfig
                0x0000000008009938       0xec ./Drivers/STM32F7xx_HAL_Driver/Src/stm32f7xx_hal_tim.o
 .text.TIM_OC4_SetConfig
                0x0000000008009a24       0xb0 ./Drivers/STM32F7xx_HAL_Driver/Src/stm32f7xx_hal_tim.o
 .text.TIM_OC5_SetConfig
                0x0000000008009ad4       0xa4 ./Drivers/STM32F7xx_HAL_Driver/Src/stm32f7xx_hal_tim.o
 .text.TIM_OC6_SetConfig
                0x0000000008009b78       0xa8 ./Drivers/STM32F7xx_HAL_Driver/Src/stm32f7xx_hal_tim.o
 .text.TIM_TI1_ConfigInputStage
                0x0000000008009c20       0x5e ./Drivers/STM32F7xx_HAL_Driver/Src/stm32f7xx_hal_tim.o
 .text.TIM_TI2_ConfigInputStage
                0x0000000008009c7e       0x60 ./Drivers/STM32F7xx_HAL_Driver/Src/stm32f7xx_hal_tim.o
 .text.TIM_ITRx_SetConfig
                0x0000000008009cde       0x36 ./Drivers/STM32F7xx_HAL_Driver/Src/stm32f7xx_hal_tim.o
 .text.TIM_ETR_SetConfig
                0x0000000008009d14       0x40 ./Drivers/STM32F7xx_HAL_Driver/Src/stm32f7xx_hal_tim.o
                0x0000000008009d14                TIM_ETR_SetConfig
 .text.TIM_CCxChannelCmd
                0x0000000008009d54       0x4a ./Drivers/STM32F7xx_HAL_Driver/Src/stm32f7xx_hal_tim.o
                0x0000000008009d54                TIM_CCxChannelCmd
 *fill*         0x0000000008009d9e        0x2 
 .text.HAL_TIMEx_MasterConfigSynchronization
                0x0000000008009da0      0x11c ./Drivers/STM32F7xx_HAL_Driver/Src/stm32f7xx_hal_tim_ex.o
                0x0000000008009da0                HAL_TIMEx_MasterConfigSynchronization
 .text.HAL_TIMEx_ConfigBreakDeadTime
                0x0000000008009ebc       0xfc ./Drivers/STM32F7xx_HAL_Driver/Src/stm32f7xx_hal_tim_ex.o
                0x0000000008009ebc                HAL_TIMEx_ConfigBreakDeadTime
 .text.HAL_TIMEx_CommutCallback
                0x0000000008009fb8       0x14 ./Drivers/STM32F7xx_HAL_Driver/Src/stm32f7xx_hal_tim_ex.o
                0x0000000008009fb8                HAL_TIMEx_CommutCallback
 .text.HAL_TIMEx_BreakCallback
                0x0000000008009fcc       0x14 ./Drivers/STM32F7xx_HAL_Driver/Src/stm32f7xx_hal_tim_ex.o
                0x0000000008009fcc                HAL_TIMEx_BreakCallback
 .text.HAL_TIMEx_Break2Callback
                0x0000000008009fe0       0x14 ./Drivers/STM32F7xx_HAL_Driver/Src/stm32f7xx_hal_tim_ex.o
                0x0000000008009fe0                HAL_TIMEx_Break2Callback
 .text.HAL_UART_Init
                0x0000000008009ff4       0x9c ./Drivers/STM32F7xx_HAL_Driver/Src/stm32f7xx_hal_uart.o
                0x0000000008009ff4                HAL_UART_Init
 .text.HAL_UART_Transmit
                0x000000000800a090      0x106 ./Drivers/STM32F7xx_HAL_Driver/Src/stm32f7xx_hal_uart.o
                0x000000000800a090                HAL_UART_Transmit
 *fill*         0x000000000800a196        0x2 
 .text.UART_SetConfig
                0x000000000800a198      0x4c8 ./Drivers/STM32F7xx_HAL_Driver/Src/stm32f7xx_hal_uart.o
                0x000000000800a198                UART_SetConfig
 .text.UART_AdvFeatureConfig
                0x000000000800a660      0x144 ./Drivers/STM32F7xx_HAL_Driver/Src/stm32f7xx_hal_uart.o
                0x000000000800a660                UART_AdvFeatureConfig
 .text.UART_CheckIdleState
                0x000000000800a7a4       0x9a ./Drivers/STM32F7xx_HAL_Driver/Src/stm32f7xx_hal_uart.o
                0x000000000800a7a4                UART_CheckIdleState
 .text.UART_WaitOnFlagUntilTimeout
                0x000000000800a83e      0x18c ./Drivers/STM32F7xx_HAL_Driver/Src/stm32f7xx_hal_uart.o
                0x000000000800a83e                UART_WaitOnFlagUntilTimeout
 .text.__cvt    0x000000000800a9ca       0xa4 E:/Micro/STM32CubeIDE_1.13.0/STM32CubeIDE/plugins/com.st.stm32cube.ide.mcu.externaltools.gnu-tools-for-stm32.11.3.rel1.win32_1.1.1.202309131626/tools/bin/../lib/gcc/arm-none-eabi/11.3.1/../../../../arm-none-eabi/lib/thumb/v7e-m+dp/hard\libc_nano.a(libc_a-nano-vfprintf_float.o)
                0x000000000800a9ca                __cvt
 .text.__exponent
                0x000000000800aa6e       0x7c E:/Micro/STM32CubeIDE_1.13.0/STM32CubeIDE/plugins/com.st.stm32cube.ide.mcu.externaltools.gnu-tools-for-stm32.11.3.rel1.win32_1.1.1.202309131626/tools/bin/../lib/gcc/arm-none-eabi/11.3.1/../../../../arm-none-eabi/lib/thumb/v7e-m+dp/hard\libc_nano.a(libc_a-nano-vfprintf_float.o)
                0x000000000800aa6e                __exponent
 *fill*         0x000000000800aaea        0x6 
 .text._printf_float
                0x000000000800aaf0      0x434 E:/Micro/STM32CubeIDE_1.13.0/STM32CubeIDE/plugins/com.st.stm32cube.ide.mcu.externaltools.gnu-tools-for-stm32.11.3.rel1.win32_1.1.1.202309131626/tools/bin/../lib/gcc/arm-none-eabi/11.3.1/../../../../arm-none-eabi/lib/thumb/v7e-m+dp/hard\libc_nano.a(libc_a-nano-vfprintf_float.o)
                0x000000000800aaf0                _printf_float
 .text._printf_common
                0x000000000800af24       0xda E:/Micro/STM32CubeIDE_1.13.0/STM32CubeIDE/plugins/com.st.stm32cube.ide.mcu.externaltools.gnu-tools-for-stm32.11.3.rel1.win32_1.1.1.202309131626/tools/bin/../lib/gcc/arm-none-eabi/11.3.1/../../../../arm-none-eabi/lib/thumb/v7e-m+dp/hard\libc_nano.a(libc_a-nano-vfprintf_i.o)
                0x000000000800af24                _printf_common
 *fill*         0x000000000800affe        0x2 
 .text._printf_i
                0x000000000800b000      0x244 E:/Micro/STM32CubeIDE_1.13.0/STM32CubeIDE/plugins/com.st.stm32cube.ide.mcu.externaltools.gnu-tools-for-stm32.11.3.rel1.win32_1.1.1.202309131626/tools/bin/../lib/gcc/arm-none-eabi/11.3.1/../../../../arm-none-eabi/lib/thumb/v7e-m+dp/hard\libc_nano.a(libc_a-nano-vfprintf_i.o)
                0x000000000800b000                _printf_i
 .text.std      0x000000000800b244       0x6c E:/Micro/STM32CubeIDE_1.13.0/STM32CubeIDE/plugins/com.st.stm32cube.ide.mcu.externaltools.gnu-tools-for-stm32.11.3.rel1.win32_1.1.1.202309131626/tools/bin/../lib/gcc/arm-none-eabi/11.3.1/../../../../arm-none-eabi/lib/thumb/v7e-m+dp/hard\libc_nano.a(libc_a-findfp.o)
 .text.stdio_exit_handler
                0x000000000800b2b0       0x18 E:/Micro/STM32CubeIDE_1.13.0/STM32CubeIDE/plugins/com.st.stm32cube.ide.mcu.externaltools.gnu-tools-for-stm32.11.3.rel1.win32_1.1.1.202309131626/tools/bin/../lib/gcc/arm-none-eabi/11.3.1/../../../../arm-none-eabi/lib/thumb/v7e-m+dp/hard\libc_nano.a(libc_a-findfp.o)
 .text.cleanup_stdio
                0x000000000800b2c8       0x40 E:/Micro/STM32CubeIDE_1.13.0/STM32CubeIDE/plugins/com.st.stm32cube.ide.mcu.externaltools.gnu-tools-for-stm32.11.3.rel1.win32_1.1.1.202309131626/tools/bin/../lib/gcc/arm-none-eabi/11.3.1/../../../../arm-none-eabi/lib/thumb/v7e-m+dp/hard\libc_nano.a(libc_a-findfp.o)
 .text.global_stdio_init.part.0
                0x000000000800b308       0x3c E:/Micro/STM32CubeIDE_1.13.0/STM32CubeIDE/plugins/com.st.stm32cube.ide.mcu.externaltools.gnu-tools-for-stm32.11.3.rel1.win32_1.1.1.202309131626/tools/bin/../lib/gcc/arm-none-eabi/11.3.1/../../../../arm-none-eabi/lib/thumb/v7e-m+dp/hard\libc_nano.a(libc_a-findfp.o)
 .text.__sfp_lock_acquire
                0x000000000800b344        0xc E:/Micro/STM32CubeIDE_1.13.0/STM32CubeIDE/plugins/com.st.stm32cube.ide.mcu.externaltools.gnu-tools-for-stm32.11.3.rel1.win32_1.1.1.202309131626/tools/bin/../lib/gcc/arm-none-eabi/11.3.1/../../../../arm-none-eabi/lib/thumb/v7e-m+dp/hard\libc_nano.a(libc_a-findfp.o)
                0x000000000800b344                __sfp_lock_acquire
 .text.__sfp_lock_release
                0x000000000800b350        0xc E:/Micro/STM32CubeIDE_1.13.0/STM32CubeIDE/plugins/com.st.stm32cube.ide.mcu.externaltools.gnu-tools-for-stm32.11.3.rel1.win32_1.1.1.202309131626/tools/bin/../lib/gcc/arm-none-eabi/11.3.1/../../../../arm-none-eabi/lib/thumb/v7e-m+dp/hard\libc_nano.a(libc_a-findfp.o)
                0x000000000800b350                __sfp_lock_release
 .text.__sinit  0x000000000800b35c       0x30 E:/Micro/STM32CubeIDE_1.13.0/STM32CubeIDE/plugins/com.st.stm32cube.ide.mcu.externaltools.gnu-tools-for-stm32.11.3.rel1.win32_1.1.1.202309131626/tools/bin/../lib/gcc/arm-none-eabi/11.3.1/../../../../arm-none-eabi/lib/thumb/v7e-m+dp/hard\libc_nano.a(libc_a-findfp.o)
                0x000000000800b35c                __sinit
 .text._fwalk_sglue
                0x000000000800b38c       0x3c E:/Micro/STM32CubeIDE_1.13.0/STM32CubeIDE/plugins/com.st.stm32cube.ide.mcu.externaltools.gnu-tools-for-stm32.11.3.rel1.win32_1.1.1.202309131626/tools/bin/../lib/gcc/arm-none-eabi/11.3.1/../../../../arm-none-eabi/lib/thumb/v7e-m+dp/hard\libc_nano.a(libc_a-fwalk.o)
                0x000000000800b38c                _fwalk_sglue
 .text.snprintf
                0x000000000800b3c8       0x68 E:/Micro/STM32CubeIDE_1.13.0/STM32CubeIDE/plugins/com.st.stm32cube.ide.mcu.externaltools.gnu-tools-for-stm32.11.3.rel1.win32_1.1.1.202309131626/tools/bin/../lib/gcc/arm-none-eabi/11.3.1/../../../../arm-none-eabi/lib/thumb/v7e-m+dp/hard\libc_nano.a(libc_a-snprintf.o)
                0x000000000800b3c8                sniprintf
                0x000000000800b3c8                snprintf
 .text.sprintf  0x000000000800b430       0x40 E:/Micro/STM32CubeIDE_1.13.0/STM32CubeIDE/plugins/com.st.stm32cube.ide.mcu.externaltools.gnu-tools-for-stm32.11.3.rel1.win32_1.1.1.202309131626/tools/bin/../lib/gcc/arm-none-eabi/11.3.1/../../../../arm-none-eabi/lib/thumb/v7e-m+dp/hard\libc_nano.a(libc_a-sprintf.o)
                0x000000000800b430                siprintf
                0x000000000800b430                sprintf
 .text.__sread  0x000000000800b470       0x22 E:/Micro/STM32CubeIDE_1.13.0/STM32CubeIDE/plugins/com.st.stm32cube.ide.mcu.externaltools.gnu-tools-for-stm32.11.3.rel1.win32_1.1.1.202309131626/tools/bin/../lib/gcc/arm-none-eabi/11.3.1/../../../../arm-none-eabi/lib/thumb/v7e-m+dp/hard\libc_nano.a(libc_a-stdio.o)
                0x000000000800b470                __sread
 .text.__swrite
                0x000000000800b492       0x38 E:/Micro/STM32CubeIDE_1.13.0/STM32CubeIDE/plugins/com.st.stm32cube.ide.mcu.externaltools.gnu-tools-for-stm32.11.3.rel1.win32_1.1.1.202309131626/tools/bin/../lib/gcc/arm-none-eabi/11.3.1/../../../../arm-none-eabi/lib/thumb/v7e-m+dp/hard\libc_nano.a(libc_a-stdio.o)
                0x000000000800b492                __swrite
 .text.__sseek  0x000000000800b4ca       0x24 E:/Micro/STM32CubeIDE_1.13.0/STM32CubeIDE/plugins/com.st.stm32cube.ide.mcu.externaltools.gnu-tools-for-stm32.11.3.rel1.win32_1.1.1.202309131626/tools/bin/../lib/gcc/arm-none-eabi/11.3.1/../../../../arm-none-eabi/lib/thumb/v7e-m+dp/hard\libc_nano.a(libc_a-stdio.o)
                0x000000000800b4ca                __sseek
 .text.__sclose
                0x000000000800b4ee        0x8 E:/Micro/STM32CubeIDE_1.13.0/STM32CubeIDE/plugins/com.st.stm32cube.ide.mcu.externaltools.gnu-tools-for-stm32.11.3.rel1.win32_1.1.1.202309131626/tools/bin/../lib/gcc/arm-none-eabi/11.3.1/../../../../arm-none-eabi/lib/thumb/v7e-m+dp/hard\libc_nano.a(libc_a-stdio.o)
                0x000000000800b4ee                __sclose
 .text.memset   0x000000000800b4f6       0x10 E:/Micro/STM32CubeIDE_1.13.0/STM32CubeIDE/plugins/com.st.stm32cube.ide.mcu.externaltools.gnu-tools-for-stm32.11.3.rel1.win32_1.1.1.202309131626/tools/bin/../lib/gcc/arm-none-eabi/11.3.1/../../../../arm-none-eabi/lib/thumb/v7e-m+dp/hard\libc_nano.a(libc_a-memset.o)
                0x000000000800b4f6                memset
 *fill*         0x000000000800b506        0x2 
 .text._localeconv_r
                0x000000000800b508        0x8 E:/Micro/STM32CubeIDE_1.13.0/STM32CubeIDE/plugins/com.st.stm32cube.ide.mcu.externaltools.gnu-tools-for-stm32.11.3.rel1.win32_1.1.1.202309131626/tools/bin/../lib/gcc/arm-none-eabi/11.3.1/../../../../arm-none-eabi/lib/thumb/v7e-m+dp/hard\libc_nano.a(libc_a-localeconv.o)
                0x000000000800b508                _localeconv_r
 .text._close_r
                0x000000000800b510       0x20 E:/Micro/STM32CubeIDE_1.13.0/STM32CubeIDE/plugins/com.st.stm32cube.ide.mcu.externaltools.gnu-tools-for-stm32.11.3.rel1.win32_1.1.1.202309131626/tools/bin/../lib/gcc/arm-none-eabi/11.3.1/../../../../arm-none-eabi/lib/thumb/v7e-m+dp/hard\libc_nano.a(libc_a-closer.o)
                0x000000000800b510                _close_r
 .text._lseek_r
                0x000000000800b530       0x24 E:/Micro/STM32CubeIDE_1.13.0/STM32CubeIDE/plugins/com.st.stm32cube.ide.mcu.externaltools.gnu-tools-for-stm32.11.3.rel1.win32_1.1.1.202309131626/tools/bin/../lib/gcc/arm-none-eabi/11.3.1/../../../../arm-none-eabi/lib/thumb/v7e-m+dp/hard\libc_nano.a(libc_a-lseekr.o)
                0x000000000800b530                _lseek_r
 .text._read_r  0x000000000800b554       0x24 E:/Micro/STM32CubeIDE_1.13.0/STM32CubeIDE/plugins/com.st.stm32cube.ide.mcu.externaltools.gnu-tools-for-stm32.11.3.rel1.win32_1.1.1.202309131626/tools/bin/../lib/gcc/arm-none-eabi/11.3.1/../../../../arm-none-eabi/lib/thumb/v7e-m+dp/hard\libc_nano.a(libc_a-readr.o)
                0x000000000800b554                _read_r
 .text._write_r
                0x000000000800b578       0x24 E:/Micro/STM32CubeIDE_1.13.0/STM32CubeIDE/plugins/com.st.stm32cube.ide.mcu.externaltools.gnu-tools-for-stm32.11.3.rel1.win32_1.1.1.202309131626/tools/bin/../lib/gcc/arm-none-eabi/11.3.1/../../../../arm-none-eabi/lib/thumb/v7e-m+dp/hard\libc_nano.a(libc_a-writer.o)
                0x000000000800b578                _write_r
 .text.__errno  0x000000000800b59c        0xc E:/Micro/STM32CubeIDE_1.13.0/STM32CubeIDE/plugins/com.st.stm32cube.ide.mcu.externaltools.gnu-tools-for-stm32.11.3.rel1.win32_1.1.1.202309131626/tools/bin/../lib/gcc/arm-none-eabi/11.3.1/../../../../arm-none-eabi/lib/thumb/v7e-m+dp/hard\libc_nano.a(libc_a-errno.o)
                0x000000000800b59c                __errno
 .text.__libc_init_array
                0x000000000800b5a8       0x48 E:/Micro/STM32CubeIDE_1.13.0/STM32CubeIDE/plugins/com.st.stm32cube.ide.mcu.externaltools.gnu-tools-for-stm32.11.3.rel1.win32_1.1.1.202309131626/tools/bin/../lib/gcc/arm-none-eabi/11.3.1/../../../../arm-none-eabi/lib/thumb/v7e-m+dp/hard\libc_nano.a(libc_a-init.o)
                0x000000000800b5a8                __libc_init_array
 .text.__retarget_lock_init_recursive
                0x000000000800b5f0        0x2 E:/Micro/STM32CubeIDE_1.13.0/STM32CubeIDE/plugins/com.st.stm32cube.ide.mcu.externaltools.gnu-tools-for-stm32.11.3.rel1.win32_1.1.1.202309131626/tools/bin/../lib/gcc/arm-none-eabi/11.3.1/../../../../arm-none-eabi/lib/thumb/v7e-m+dp/hard\libc_nano.a(libc_a-lock.o)
                0x000000000800b5f0                __retarget_lock_init_recursive
 .text.__retarget_lock_acquire_recursive
                0x000000000800b5f2        0x2 E:/Micro/STM32CubeIDE_1.13.0/STM32CubeIDE/plugins/com.st.stm32cube.ide.mcu.externaltools.gnu-tools-for-stm32.11.3.rel1.win32_1.1.1.202309131626/tools/bin/../lib/gcc/arm-none-eabi/11.3.1/../../../../arm-none-eabi/lib/thumb/v7e-m+dp/hard\libc_nano.a(libc_a-lock.o)
                0x000000000800b5f2                __retarget_lock_acquire_recursive
 .text.__retarget_lock_release_recursive
                0x000000000800b5f4        0x2 E:/Micro/STM32CubeIDE_1.13.0/STM32CubeIDE/plugins/com.st.stm32cube.ide.mcu.externaltools.gnu-tools-for-stm32.11.3.rel1.win32_1.1.1.202309131626/tools/bin/../lib/gcc/arm-none-eabi/11.3.1/../../../../arm-none-eabi/lib/thumb/v7e-m+dp/hard\libc_nano.a(libc_a-lock.o)
                0x000000000800b5f4                __retarget_lock_release_recursive
 .text.quorem   0x000000000800b5f6      0x110 E:/Micro/STM32CubeIDE_1.13.0/STM32CubeIDE/plugins/com.st.stm32cube.ide.mcu.externaltools.gnu-tools-for-stm32.11.3.rel1.win32_1.1.1.202309131626/tools/bin/../lib/gcc/arm-none-eabi/11.3.1/../../../../arm-none-eabi/lib/thumb/v7e-m+dp/hard\libc_nano.a(libc_a-dtoa.o)
 *fill*         0x000000000800b706        0x2 
 .text._dtoa_r  0x000000000800b708      0xad8 E:/Micro/STM32CubeIDE_1.13.0/STM32CubeIDE/plugins/com.st.stm32cube.ide.mcu.externaltools.gnu-tools-for-stm32.11.3.rel1.win32_1.1.1.202309131626/tools/bin/../lib/gcc/arm-none-eabi/11.3.1/../../../../arm-none-eabi/lib/thumb/v7e-m+dp/hard\libc_nano.a(libc_a-dtoa.o)
                0x000000000800b708                _dtoa_r
 .text._free_r  0x000000000800c1e0       0x98 E:/Micro/STM32CubeIDE_1.13.0/STM32CubeIDE/plugins/com.st.stm32cube.ide.mcu.externaltools.gnu-tools-for-stm32.11.3.rel1.win32_1.1.1.202309131626/tools/bin/../lib/gcc/arm-none-eabi/11.3.1/../../../../arm-none-eabi/lib/thumb/v7e-m+dp/hard\libc_nano.a(libc_a-freer.o)
                0x000000000800c1e0                _free_r
 .text.malloc   0x000000000800c278       0x10 E:/Micro/STM32CubeIDE_1.13.0/STM32CubeIDE/plugins/com.st.stm32cube.ide.mcu.externaltools.gnu-tools-for-stm32.11.3.rel1.win32_1.1.1.202309131626/tools/bin/../lib/gcc/arm-none-eabi/11.3.1/../../../../arm-none-eabi/lib/thumb/v7e-m+dp/hard\libc_nano.a(libc_a-malloc.o)
                0x000000000800c278                malloc
 .text.sbrk_aligned
                0x000000000800c288       0x40 E:/Micro/STM32CubeIDE_1.13.0/STM32CubeIDE/plugins/com.st.stm32cube.ide.mcu.externaltools.gnu-tools-for-stm32.11.3.rel1.win32_1.1.1.202309131626/tools/bin/../lib/gcc/arm-none-eabi/11.3.1/../../../../arm-none-eabi/lib/thumb/v7e-m+dp/hard\libc_nano.a(libc_a-mallocr.o)
 .text._malloc_r
                0x000000000800c2c8      0x100 E:/Micro/STM32CubeIDE_1.13.0/STM32CubeIDE/plugins/com.st.stm32cube.ide.mcu.externaltools.gnu-tools-for-stm32.11.3.rel1.win32_1.1.1.202309131626/tools/bin/../lib/gcc/arm-none-eabi/11.3.1/../../../../arm-none-eabi/lib/thumb/v7e-m+dp/hard\libc_nano.a(libc_a-mallocr.o)
                0x000000000800c2c8                _malloc_r
 .text.__malloc_lock
                0x000000000800c3c8        0xc E:/Micro/STM32CubeIDE_1.13.0/STM32CubeIDE/plugins/com.st.stm32cube.ide.mcu.externaltools.gnu-tools-for-stm32.11.3.rel1.win32_1.1.1.202309131626/tools/bin/../lib/gcc/arm-none-eabi/11.3.1/../../../../arm-none-eabi/lib/thumb/v7e-m+dp/hard\libc_nano.a(libc_a-mlock.o)
                0x000000000800c3c8                __malloc_lock
 .text.__malloc_unlock
                0x000000000800c3d4        0xc E:/Micro/STM32CubeIDE_1.13.0/STM32CubeIDE/plugins/com.st.stm32cube.ide.mcu.externaltools.gnu-tools-for-stm32.11.3.rel1.win32_1.1.1.202309131626/tools/bin/../lib/gcc/arm-none-eabi/11.3.1/../../../../arm-none-eabi/lib/thumb/v7e-m+dp/hard\libc_nano.a(libc_a-mlock.o)
                0x000000000800c3d4                __malloc_unlock
 .text._Balloc  0x000000000800c3e0       0x80 E:/Micro/STM32CubeIDE_1.13.0/STM32CubeIDE/plugins/com.st.stm32cube.ide.mcu.externaltools.gnu-tools-for-stm32.11.3.rel1.win32_1.1.1.202309131626/tools/bin/../lib/gcc/arm-none-eabi/11.3.1/../../../../arm-none-eabi/lib/thumb/v7e-m+dp/hard\libc_nano.a(libc_a-mprec.o)
                0x000000000800c3e0                _Balloc
 .text._Bfree   0x000000000800c460       0x44 E:/Micro/STM32CubeIDE_1.13.0/STM32CubeIDE/plugins/com.st.stm32cube.ide.mcu.externaltools.gnu-tools-for-stm32.11.3.rel1.win32_1.1.1.202309131626/tools/bin/../lib/gcc/arm-none-eabi/11.3.1/../../../../arm-none-eabi/lib/thumb/v7e-m+dp/hard\libc_nano.a(libc_a-mprec.o)
                0x000000000800c460                _Bfree
 .text.__multadd
                0x000000000800c4a4       0x8c E:/Micro/STM32CubeIDE_1.13.0/STM32CubeIDE/plugins/com.st.stm32cube.ide.mcu.externaltools.gnu-tools-for-stm32.11.3.rel1.win32_1.1.1.202309131626/tools/bin/../lib/gcc/arm-none-eabi/11.3.1/../../../../arm-none-eabi/lib/thumb/v7e-m+dp/hard\libc_nano.a(libc_a-mprec.o)
                0x000000000800c4a4                __multadd
 .text.__hi0bits
                0x000000000800c530       0x40 E:/Micro/STM32CubeIDE_1.13.0/STM32CubeIDE/plugins/com.st.stm32cube.ide.mcu.externaltools.gnu-tools-for-stm32.11.3.rel1.win32_1.1.1.202309131626/tools/bin/../lib/gcc/arm-none-eabi/11.3.1/../../../../arm-none-eabi/lib/thumb/v7e-m+dp/hard\libc_nano.a(libc_a-mprec.o)
                0x000000000800c530                __hi0bits
 .text.__lo0bits
                0x000000000800c570       0x5a E:/Micro/STM32CubeIDE_1.13.0/STM32CubeIDE/plugins/com.st.stm32cube.ide.mcu.externaltools.gnu-tools-for-stm32.11.3.rel1.win32_1.1.1.202309131626/tools/bin/../lib/gcc/arm-none-eabi/11.3.1/../../../../arm-none-eabi/lib/thumb/v7e-m+dp/hard\libc_nano.a(libc_a-mprec.o)
                0x000000000800c570                __lo0bits
 *fill*         0x000000000800c5ca        0x2 
 .text.__i2b    0x000000000800c5cc       0x2c E:/Micro/STM32CubeIDE_1.13.0/STM32CubeIDE/plugins/com.st.stm32cube.ide.mcu.externaltools.gnu-tools-for-stm32.11.3.rel1.win32_1.1.1.202309131626/tools/bin/../lib/gcc/arm-none-eabi/11.3.1/../../../../arm-none-eabi/lib/thumb/v7e-m+dp/hard\libc_nano.a(libc_a-mprec.o)
                0x000000000800c5cc                __i2b
 .text.__multiply
                0x000000000800c5f8      0x154 E:/Micro/STM32CubeIDE_1.13.0/STM32CubeIDE/plugins/com.st.stm32cube.ide.mcu.externaltools.gnu-tools-for-stm32.11.3.rel1.win32_1.1.1.202309131626/tools/bin/../lib/gcc/arm-none-eabi/11.3.1/../../../../arm-none-eabi/lib/thumb/v7e-m+dp/hard\libc_nano.a(libc_a-mprec.o)
                0x000000000800c5f8                __multiply
 .text.__pow5mult
                0x000000000800c74c       0xb4 E:/Micro/STM32CubeIDE_1.13.0/STM32CubeIDE/plugins/com.st.stm32cube.ide.mcu.externaltools.gnu-tools-for-stm32.11.3.rel1.win32_1.1.1.202309131626/tools/bin/../lib/gcc/arm-none-eabi/11.3.1/../../../../arm-none-eabi/lib/thumb/v7e-m+dp/hard\libc_nano.a(libc_a-mprec.o)
                0x000000000800c74c                __pow5mult
 .text.__lshift
                0x000000000800c800       0xd8 E:/Micro/STM32CubeIDE_1.13.0/STM32CubeIDE/plugins/com.st.stm32cube.ide.mcu.externaltools.gnu-tools-for-stm32.11.3.rel1.win32_1.1.1.202309131626/tools/bin/../lib/gcc/arm-none-eabi/11.3.1/../../../../arm-none-eabi/lib/thumb/v7e-m+dp/hard\libc_nano.a(libc_a-mprec.o)
                0x000000000800c800                __lshift
 .text.__mcmp   0x000000000800c8d8       0x38 E:/Micro/STM32CubeIDE_1.13.0/STM32CubeIDE/plugins/com.st.stm32cube.ide.mcu.externaltools.gnu-tools-for-stm32.11.3.rel1.win32_1.1.1.202309131626/tools/bin/../lib/gcc/arm-none-eabi/11.3.1/../../../../arm-none-eabi/lib/thumb/v7e-m+dp/hard\libc_nano.a(libc_a-mprec.o)
                0x000000000800c8d8                __mcmp
 .text.__mdiff  0x000000000800c910      0x114 E:/Micro/STM32CubeIDE_1.13.0/STM32CubeIDE/plugins/com.st.stm32cube.ide.mcu.externaltools.gnu-tools-for-stm32.11.3.rel1.win32_1.1.1.202309131626/tools/bin/../lib/gcc/arm-none-eabi/11.3.1/../../../../arm-none-eabi/lib/thumb/v7e-m+dp/hard\libc_nano.a(libc_a-mprec.o)
                0x000000000800c910                __mdiff
 .text.__d2b    0x000000000800ca24       0xb4 E:/Micro/STM32CubeIDE_1.13.0/STM32CubeIDE/plugins/com.st.stm32cube.ide.mcu.externaltools.gnu-tools-for-stm32.11.3.rel1.win32_1.1.1.202309131626/tools/bin/../lib/gcc/arm-none-eabi/11.3.1/../../../../arm-none-eabi/lib/thumb/v7e-m+dp/hard\libc_nano.a(libc_a-mprec.o)
                0x000000000800ca24                __d2b
 .text.__ssputs_r
                0x000000000800cad8       0xb4 E:/Micro/STM32CubeIDE_1.13.0/STM32CubeIDE/plugins/com.st.stm32cube.ide.mcu.externaltools.gnu-tools-for-stm32.11.3.rel1.win32_1.1.1.202309131626/tools/bin/../lib/gcc/arm-none-eabi/11.3.1/../../../../arm-none-eabi/lib/thumb/v7e-m+dp/hard\libc_nano.a(libc_a-nano-svfprintf.o)
                0x000000000800cad8                __ssputs_r
 .text._svfprintf_r
                0x000000000800cb8c      0x1fc E:/Micro/STM32CubeIDE_1.13.0/STM32CubeIDE/plugins/com.st.stm32cube.ide.mcu.externaltools.gnu-tools-for-stm32.11.3.rel1.win32_1.1.1.202309131626/tools/bin/../lib/gcc/arm-none-eabi/11.3.1/../../../../arm-none-eabi/lib/thumb/v7e-m+dp/hard\libc_nano.a(libc_a-nano-svfprintf.o)
                0x000000000800cb8c                _svfiprintf_r
                0x000000000800cb8c                _svfprintf_r
 .text.__sflush_r
                0x000000000800cd88      0x10c E:/Micro/STM32CubeIDE_1.13.0/STM32CubeIDE/plugins/com.st.stm32cube.ide.mcu.externaltools.gnu-tools-for-stm32.11.3.rel1.win32_1.1.1.202309131626/tools/bin/../lib/gcc/arm-none-eabi/11.3.1/../../../../arm-none-eabi/lib/thumb/v7e-m+dp/hard\libc_nano.a(libc_a-fflush.o)
                0x000000000800cd88                __sflush_r
 .text._fflush_r
                0x000000000800ce94       0x50 E:/Micro/STM32CubeIDE_1.13.0/STM32CubeIDE/plugins/com.st.stm32cube.ide.mcu.externaltools.gnu-tools-for-stm32.11.3.rel1.win32_1.1.1.202309131626/tools/bin/../lib/gcc/arm-none-eabi/11.3.1/../../../../arm-none-eabi/lib/thumb/v7e-m+dp/hard\libc_nano.a(libc_a-fflush.o)
                0x000000000800ce94                _fflush_r
 .text.memmove  0x000000000800cee4       0x34 E:/Micro/STM32CubeIDE_1.13.0/STM32CubeIDE/plugins/com.st.stm32cube.ide.mcu.externaltools.gnu-tools-for-stm32.11.3.rel1.win32_1.1.1.202309131626/tools/bin/../lib/gcc/arm-none-eabi/11.3.1/../../../../arm-none-eabi/lib/thumb/v7e-m+dp/hard\libc_nano.a(libc_a-memmove.o)
                0x000000000800cee4                memmove
 .text._sbrk_r  0x000000000800cf18       0x20 E:/Micro/STM32CubeIDE_1.13.0/STM32CubeIDE/plugins/com.st.stm32cube.ide.mcu.externaltools.gnu-tools-for-stm32.11.3.rel1.win32_1.1.1.202309131626/tools/bin/../lib/gcc/arm-none-eabi/11.3.1/../../../../arm-none-eabi/lib/thumb/v7e-m+dp/hard\libc_nano.a(libc_a-sbrkr.o)
                0x000000000800cf18                _sbrk_r
 .text.memcpy   0x000000000800cf38       0x1c E:/Micro/STM32CubeIDE_1.13.0/STM32CubeIDE/plugins/com.st.stm32cube.ide.mcu.externaltools.gnu-tools-for-stm32.11.3.rel1.win32_1.1.1.202309131626/tools/bin/../lib/gcc/arm-none-eabi/11.3.1/../../../../arm-none-eabi/lib/thumb/v7e-m+dp/hard\libc_nano.a(libc_a-memcpy-stub.o)
                0x000000000800cf38                memcpy
 .text.__assert_func
                0x000000000800cf54       0x3c E:/Micro/STM32CubeIDE_1.13.0/STM32CubeIDE/plugins/com.st.stm32cube.ide.mcu.externaltools.gnu-tools-for-stm32.11.3.rel1.win32_1.1.1.202309131626/tools/bin/../lib/gcc/arm-none-eabi/11.3.1/../../../../arm-none-eabi/lib/thumb/v7e-m+dp/hard\libc_nano.a(libc_a-assert.o)
                0x000000000800cf54                __assert_func
 .text._calloc_r
                0x000000000800cf90       0x2c E:/Micro/STM32CubeIDE_1.13.0/STM32CubeIDE/plugins/com.st.stm32cube.ide.mcu.externaltools.gnu-tools-for-stm32.11.3.rel1.win32_1.1.1.202309131626/tools/bin/../lib/gcc/arm-none-eabi/11.3.1/../../../../arm-none-eabi/lib/thumb/v7e-m+dp/hard\libc_nano.a(libc_a-callocr.o)
                0x000000000800cf90                _calloc_r
 .text.__ascii_mbtowc
                0x000000000800cfbc       0x24 E:/Micro/STM32CubeIDE_1.13.0/STM32CubeIDE/plugins/com.st.stm32cube.ide.mcu.externaltools.gnu-tools-for-stm32.11.3.rel1.win32_1.1.1.202309131626/tools/bin/../lib/gcc/arm-none-eabi/11.3.1/../../../../arm-none-eabi/lib/thumb/v7e-m+dp/hard\libc_nano.a(libc_a-mbtowc_r.o)
                0x000000000800cfbc                __ascii_mbtowc
 .text._realloc_r
                0x000000000800cfe0       0x5e E:/Micro/STM32CubeIDE_1.13.0/STM32CubeIDE/plugins/com.st.stm32cube.ide.mcu.externaltools.gnu-tools-for-stm32.11.3.rel1.win32_1.1.1.202309131626/tools/bin/../lib/gcc/arm-none-eabi/11.3.1/../../../../arm-none-eabi/lib/thumb/v7e-m+dp/hard\libc_nano.a(libc_a-reallocr.o)
                0x000000000800cfe0                _realloc_r
 .text.__ascii_wctomb
                0x000000000800d03e       0x1a E:/Micro/STM32CubeIDE_1.13.0/STM32CubeIDE/plugins/com.st.stm32cube.ide.mcu.externaltools.gnu-tools-for-stm32.11.3.rel1.win32_1.1.1.202309131626/tools/bin/../lib/gcc/arm-none-eabi/11.3.1/../../../../arm-none-eabi/lib/thumb/v7e-m+dp/hard\libc_nano.a(libc_a-wctomb_r.o)
                0x000000000800d03e                __ascii_wctomb
 .text.fprintf  0x000000000800d058       0x24 E:/Micro/STM32CubeIDE_1.13.0/STM32CubeIDE/plugins/com.st.stm32cube.ide.mcu.externaltools.gnu-tools-for-stm32.11.3.rel1.win32_1.1.1.202309131626/tools/bin/../lib/gcc/arm-none-eabi/11.3.1/../../../../arm-none-eabi/lib/thumb/v7e-m+dp/hard\libc_nano.a(libc_a-fprintf.o)
                0x000000000800d058                fiprintf
                0x000000000800d058                fprintf
 .text.abort    0x000000000800d07c        0xe E:/Micro/STM32CubeIDE_1.13.0/STM32CubeIDE/plugins/com.st.stm32cube.ide.mcu.externaltools.gnu-tools-for-stm32.11.3.rel1.win32_1.1.1.202309131626/tools/bin/../lib/gcc/arm-none-eabi/11.3.1/../../../../arm-none-eabi/lib/thumb/v7e-m+dp/hard\libc_nano.a(libc_a-abort.o)
                0x000000000800d07c                abort
 .text._malloc_usable_size_r
                0x000000000800d08a       0x10 E:/Micro/STM32CubeIDE_1.13.0/STM32CubeIDE/plugins/com.st.stm32cube.ide.mcu.externaltools.gnu-tools-for-stm32.11.3.rel1.win32_1.1.1.202309131626/tools/bin/../lib/gcc/arm-none-eabi/11.3.1/../../../../arm-none-eabi/lib/thumb/v7e-m+dp/hard\libc_nano.a(libc_a-msizer.o)
                0x000000000800d08a                _malloc_usable_size_r
 .text.__sfputc_r
                0x000000000800d09a       0x2e E:/Micro/STM32CubeIDE_1.13.0/STM32CubeIDE/plugins/com.st.stm32cube.ide.mcu.externaltools.gnu-tools-for-stm32.11.3.rel1.win32_1.1.1.202309131626/tools/bin/../lib/gcc/arm-none-eabi/11.3.1/../../../../arm-none-eabi/lib/thumb/v7e-m+dp/hard\libc_nano.a(libc_a-nano-vfprintf.o)
 .text.__sfputs_r
                0x000000000800d0c8       0x24 E:/Micro/STM32CubeIDE_1.13.0/STM32CubeIDE/plugins/com.st.stm32cube.ide.mcu.externaltools.gnu-tools-for-stm32.11.3.rel1.win32_1.1.1.202309131626/tools/bin/../lib/gcc/arm-none-eabi/11.3.1/../../../../arm-none-eabi/lib/thumb/v7e-m+dp/hard\libc_nano.a(libc_a-nano-vfprintf.o)
                0x000000000800d0c8                __sfputs_r
 .text._vfprintf_r
                0x000000000800d0ec      0x234 E:/Micro/STM32CubeIDE_1.13.0/STM32CubeIDE/plugins/com.st.stm32cube.ide.mcu.externaltools.gnu-tools-for-stm32.11.3.rel1.win32_1.1.1.202309131626/tools/bin/../lib/gcc/arm-none-eabi/11.3.1/../../../../arm-none-eabi/lib/thumb/v7e-m+dp/hard\libc_nano.a(libc_a-nano-vfprintf.o)
                0x000000000800d0ec                _vfprintf_r
                0x000000000800d0ec                _vfiprintf_r
 .text.__swbuf_r
                0x000000000800d320       0x7a E:/Micro/STM32CubeIDE_1.13.0/STM32CubeIDE/plugins/com.st.stm32cube.ide.mcu.externaltools.gnu-tools-for-stm32.11.3.rel1.win32_1.1.1.202309131626/tools/bin/../lib/gcc/arm-none-eabi/11.3.1/../../../../arm-none-eabi/lib/thumb/v7e-m+dp/hard\libc_nano.a(libc_a-wbuf.o)
                0x000000000800d320                __swbuf_r
 *fill*         0x000000000800d39a        0x2 
 .text.__swsetup_r
                0x000000000800d39c       0xb0 E:/Micro/STM32CubeIDE_1.13.0/STM32CubeIDE/plugins/com.st.stm32cube.ide.mcu.externaltools.gnu-tools-for-stm32.11.3.rel1.win32_1.1.1.202309131626/tools/bin/../lib/gcc/arm-none-eabi/11.3.1/../../../../arm-none-eabi/lib/thumb/v7e-m+dp/hard\libc_nano.a(libc_a-wsetup.o)
                0x000000000800d39c                __swsetup_r
 .text._raise_r
                0x000000000800d44c       0x50 E:/Micro/STM32CubeIDE_1.13.0/STM32CubeIDE/plugins/com.st.stm32cube.ide.mcu.externaltools.gnu-tools-for-stm32.11.3.rel1.win32_1.1.1.202309131626/tools/bin/../lib/gcc/arm-none-eabi/11.3.1/../../../../arm-none-eabi/lib/thumb/v7e-m+dp/hard\libc_nano.a(libc_a-signal.o)
                0x000000000800d44c                _raise_r
 .text.raise    0x000000000800d49c       0x10 E:/Micro/STM32CubeIDE_1.13.0/STM32CubeIDE/plugins/com.st.stm32cube.ide.mcu.externaltools.gnu-tools-for-stm32.11.3.rel1.win32_1.1.1.202309131626/tools/bin/../lib/gcc/arm-none-eabi/11.3.1/../../../../arm-none-eabi/lib/thumb/v7e-m+dp/hard\libc_nano.a(libc_a-signal.o)
                0x000000000800d49c                raise
 .text._kill_r  0x000000000800d4ac       0x24 E:/Micro/STM32CubeIDE_1.13.0/STM32CubeIDE/plugins/com.st.stm32cube.ide.mcu.externaltools.gnu-tools-for-stm32.11.3.rel1.win32_1.1.1.202309131626/tools/bin/../lib/gcc/arm-none-eabi/11.3.1/../../../../arm-none-eabi/lib/thumb/v7e-m+dp/hard\libc_nano.a(libc_a-signalr.o)
                0x000000000800d4ac                _kill_r
 .text._getpid_r
                0x000000000800d4d0        0x4 E:/Micro/STM32CubeIDE_1.13.0/STM32CubeIDE/plugins/com.st.stm32cube.ide.mcu.externaltools.gnu-tools-for-stm32.11.3.rel1.win32_1.1.1.202309131626/tools/bin/../lib/gcc/arm-none-eabi/11.3.1/../../../../arm-none-eabi/lib/thumb/v7e-m+dp/hard\libc_nano.a(libc_a-signalr.o)
                0x000000000800d4d0                _getpid_r
 .text.__swhatbuf_r
                0x000000000800d4d4       0x4c E:/Micro/STM32CubeIDE_1.13.0/STM32CubeIDE/plugins/com.st.stm32cube.ide.mcu.externaltools.gnu-tools-for-stm32.11.3.rel1.win32_1.1.1.202309131626/tools/bin/../lib/gcc/arm-none-eabi/11.3.1/../../../../arm-none-eabi/lib/thumb/v7e-m+dp/hard\libc_nano.a(libc_a-makebuf.o)
                0x000000000800d4d4                __swhatbuf_r
 .text.__smakebuf_r
                0x000000000800d520       0x78 E:/Micro/STM32CubeIDE_1.13.0/STM32CubeIDE/plugins/com.st.stm32cube.ide.mcu.externaltools.gnu-tools-for-stm32.11.3.rel1.win32_1.1.1.202309131626/tools/bin/../lib/gcc/arm-none-eabi/11.3.1/../../../../arm-none-eabi/lib/thumb/v7e-m+dp/hard\libc_nano.a(libc_a-makebuf.o)
                0x000000000800d520                __smakebuf_r
 .text._fstat_r
                0x000000000800d598       0x24 E:/Micro/STM32CubeIDE_1.13.0/STM32CubeIDE/plugins/com.st.stm32cube.ide.mcu.externaltools.gnu-tools-for-stm32.11.3.rel1.win32_1.1.1.202309131626/tools/bin/../lib/gcc/arm-none-eabi/11.3.1/../../../../arm-none-eabi/lib/thumb/v7e-m+dp/hard\libc_nano.a(libc_a-fstatr.o)
                0x000000000800d598                _fstat_r
 .text._isatty_r
                0x000000000800d5bc       0x20 E:/Micro/STM32CubeIDE_1.13.0/STM32CubeIDE/plugins/com.st.stm32cube.ide.mcu.externaltools.gnu-tools-for-stm32.11.3.rel1.win32_1.1.1.202309131626/tools/bin/../lib/gcc/arm-none-eabi/11.3.1/../../../../arm-none-eabi/lib/thumb/v7e-m+dp/hard\libc_nano.a(libc_a-isattyr.o)
                0x000000000800d5bc                _isatty_r
 *(.glue_7)
 .glue_7        0x000000000800d5dc        0x0 linker stubs
 *(.glue_7t)
 .glue_7t       0x000000000800d5dc        0x0 linker stubs
 *(.eh_frame)
 .eh_frame      0x000000000800d5dc        0x0 E:/Micro/STM32CubeIDE_1.13.0/STM32CubeIDE/plugins/com.st.stm32cube.ide.mcu.externaltools.gnu-tools-for-stm32.11.3.rel1.win32_1.1.1.202309131626/tools/bin/../lib/gcc/arm-none-eabi/11.3.1/thumb/v7e-m+dp/hard/crtbegin.o
 *(.init)
 .init          0x000000000800d5dc        0x4 E:/Micro/STM32CubeIDE_1.13.0/STM32CubeIDE/plugins/com.st.stm32cube.ide.mcu.externaltools.gnu-tools-for-stm32.11.3.rel1.win32_1.1.1.202309131626/tools/bin/../lib/gcc/arm-none-eabi/11.3.1/thumb/v7e-m+dp/hard/crti.o
                0x000000000800d5dc                _init
 .init          0x000000000800d5e0        0x8 E:/Micro/STM32CubeIDE_1.13.0/STM32CubeIDE/plugins/com.st.stm32cube.ide.mcu.externaltools.gnu-tools-for-stm32.11.3.rel1.win32_1.1.1.202309131626/tools/bin/../lib/gcc/arm-none-eabi/11.3.1/thumb/v7e-m+dp/hard/crtn.o
 *(.fini)
 .fini          0x000000000800d5e8        0x4 E:/Micro/STM32CubeIDE_1.13.0/STM32CubeIDE/plugins/com.st.stm32cube.ide.mcu.externaltools.gnu-tools-for-stm32.11.3.rel1.win32_1.1.1.202309131626/tools/bin/../lib/gcc/arm-none-eabi/11.3.1/thumb/v7e-m+dp/hard/crti.o
                0x000000000800d5e8                _fini
 .fini          0x000000000800d5ec        0x8 E:/Micro/STM32CubeIDE_1.13.0/STM32CubeIDE/plugins/com.st.stm32cube.ide.mcu.externaltools.gnu-tools-for-stm32.11.3.rel1.win32_1.1.1.202309131626/tools/bin/../lib/gcc/arm-none-eabi/11.3.1/thumb/v7e-m+dp/hard/crtn.o
                0x000000000800d5f4                . = ALIGN (0x4)
                0x000000000800d5f4                _etext = .

.vfp11_veneer   0x000000000800d5f4        0x0
 .vfp11_veneer  0x000000000800d5f4        0x0 linker stubs

.v4_bx          0x000000000800d5f4        0x0
 .v4_bx         0x000000000800d5f4        0x0 linker stubs

.iplt           0x000000000800d5f4        0x0
 .iplt          0x000000000800d5f4        0x0 E:/Micro/STM32CubeIDE_1.13.0/STM32CubeIDE/plugins/com.st.stm32cube.ide.mcu.externaltools.gnu-tools-for-stm32.11.3.rel1.win32_1.1.1.202309131626/tools/bin/../lib/gcc/arm-none-eabi/11.3.1/thumb/v7e-m+dp/hard/crtbegin.o

.rodata         0x000000000800d5f8      0x814
                0x000000000800d5f8                . = ALIGN (0x4)
 *(.rodata)
 .rodata        0x000000000800d5f8      0x240 ./Core/Src/main.o
 *(.rodata*)
 .rodata.AHBPrescTable
                0x000000000800d838       0x10 ./Core/Src/system_stm32f7xx.o
                0x000000000800d838                AHBPrescTable
 .rodata.APBPrescTable
                0x000000000800d848        0x8 ./Core/Src/system_stm32f7xx.o
                0x000000000800d848                APBPrescTable
 .rodata.font   0x000000000800d850      0x240 ./Drivers/ILI9341/ILI9341_GFX.o
 .rodata.flagBitshiftOffset.0
                0x000000000800da90        0x8 ./Drivers/STM32F7xx_HAL_Driver/Src/stm32f7xx_hal_dma.o
 .rodata._printf_float.str1.1
                0x000000000800da98       0x12 E:/Micro/STM32CubeIDE_1.13.0/STM32CubeIDE/plugins/com.st.stm32cube.ide.mcu.externaltools.gnu-tools-for-stm32.11.3.rel1.win32_1.1.1.202309131626/tools/bin/../lib/gcc/arm-none-eabi/11.3.1/../../../../arm-none-eabi/lib/thumb/v7e-m+dp/hard\libc_nano.a(libc_a-nano-vfprintf_float.o)
 .rodata._printf_i.str1.1
                0x000000000800daaa       0x22 E:/Micro/STM32CubeIDE_1.13.0/STM32CubeIDE/plugins/com.st.stm32cube.ide.mcu.externaltools.gnu-tools-for-stm32.11.3.rel1.win32_1.1.1.202309131626/tools/bin/../lib/gcc/arm-none-eabi/11.3.1/../../../../arm-none-eabi/lib/thumb/v7e-m+dp/hard\libc_nano.a(libc_a-nano-vfprintf_i.o)
 .rodata._dtoa_r.str1.1
                0x000000000800dacc       0x8d E:/Micro/STM32CubeIDE_1.13.0/STM32CubeIDE/plugins/com.st.stm32cube.ide.mcu.externaltools.gnu-tools-for-stm32.11.3.rel1.win32_1.1.1.202309131626/tools/bin/../lib/gcc/arm-none-eabi/11.3.1/../../../../arm-none-eabi/lib/thumb/v7e-m+dp/hard\libc_nano.a(libc_a-dtoa.o)
                                         0x8f (size before relaxing)
 .rodata._Balloc.str1.1
                0x000000000800db59       0x59 E:/Micro/STM32CubeIDE_1.13.0/STM32CubeIDE/plugins/com.st.stm32cube.ide.mcu.externaltools.gnu-tools-for-stm32.11.3.rel1.win32_1.1.1.202309131626/tools/bin/../lib/gcc/arm-none-eabi/11.3.1/../../../../arm-none-eabi/lib/thumb/v7e-m+dp/hard\libc_nano.a(libc_a-mprec.o)
                                         0x70 (size before relaxing)
 .rodata.__multadd.str1.1
                0x000000000800dbb2       0x11 E:/Micro/STM32CubeIDE_1.13.0/STM32CubeIDE/plugins/com.st.stm32cube.ide.mcu.externaltools.gnu-tools-for-stm32.11.3.rel1.win32_1.1.1.202309131626/tools/bin/../lib/gcc/arm-none-eabi/11.3.1/../../../../arm-none-eabi/lib/thumb/v7e-m+dp/hard\libc_nano.a(libc_a-mprec.o)
 *fill*         0x000000000800dbb2        0x6 
 .rodata.__mprec_bigtens
                0x000000000800dbb8       0x28 E:/Micro/STM32CubeIDE_1.13.0/STM32CubeIDE/plugins/com.st.stm32cube.ide.mcu.externaltools.gnu-tools-for-stm32.11.3.rel1.win32_1.1.1.202309131626/tools/bin/../lib/gcc/arm-none-eabi/11.3.1/../../../../arm-none-eabi/lib/thumb/v7e-m+dp/hard\libc_nano.a(libc_a-mprec.o)
                0x000000000800dbb8                __mprec_bigtens
 .rodata.__mprec_tens
                0x000000000800dbe0       0xc8 E:/Micro/STM32CubeIDE_1.13.0/STM32CubeIDE/plugins/com.st.stm32cube.ide.mcu.externaltools.gnu-tools-for-stm32.11.3.rel1.win32_1.1.1.202309131626/tools/bin/../lib/gcc/arm-none-eabi/11.3.1/../../../../arm-none-eabi/lib/thumb/v7e-m+dp/hard\libc_nano.a(libc_a-mprec.o)
                0x000000000800dbe0                __mprec_tens
 .rodata.p05.0  0x000000000800dca8        0xc E:/Micro/STM32CubeIDE_1.13.0/STM32CubeIDE/plugins/com.st.stm32cube.ide.mcu.externaltools.gnu-tools-for-stm32.11.3.rel1.win32_1.1.1.202309131626/tools/bin/../lib/gcc/arm-none-eabi/11.3.1/../../../../arm-none-eabi/lib/thumb/v7e-m+dp/hard\libc_nano.a(libc_a-mprec.o)
 .rodata._svfprintf_r.str1.1
                0x000000000800dcb4       0x11 E:/Micro/STM32CubeIDE_1.13.0/STM32CubeIDE/plugins/com.st.stm32cube.ide.mcu.externaltools.gnu-tools-for-stm32.11.3.rel1.win32_1.1.1.202309131626/tools/bin/../lib/gcc/arm-none-eabi/11.3.1/../../../../arm-none-eabi/lib/thumb/v7e-m+dp/hard\libc_nano.a(libc_a-nano-svfprintf.o)
 .rodata._setlocale_r.str1.1
                0x000000000800dcc5        0x8 E:/Micro/STM32CubeIDE_1.13.0/STM32CubeIDE/plugins/com.st.stm32cube.ide.mcu.externaltools.gnu-tools-for-stm32.11.3.rel1.win32_1.1.1.202309131626/tools/bin/../lib/gcc/arm-none-eabi/11.3.1/../../../../arm-none-eabi/lib/thumb/v7e-m+dp/hard\libc_nano.a(libc_a-locale.o)
                                          0x9 (size before relaxing)
 .rodata.str1.1
                0x000000000800dccd        0x2 E:/Micro/STM32CubeIDE_1.13.0/STM32CubeIDE/plugins/com.st.stm32cube.ide.mcu.externaltools.gnu-tools-for-stm32.11.3.rel1.win32_1.1.1.202309131626/tools/bin/../lib/gcc/arm-none-eabi/11.3.1/../../../../arm-none-eabi/lib/thumb/v7e-m+dp/hard\libc_nano.a(libc_a-locale.o)
 .rodata.__assert_func.str1.1
                0x000000000800dccf       0x3c E:/Micro/STM32CubeIDE_1.13.0/STM32CubeIDE/plugins/com.st.stm32cube.ide.mcu.externaltools.gnu-tools-for-stm32.11.3.rel1.win32_1.1.1.202309131626/tools/bin/../lib/gcc/arm-none-eabi/11.3.1/../../../../arm-none-eabi/lib/thumb/v7e-m+dp/hard\libc_nano.a(libc_a-assert.o)
                                         0x3d (size before relaxing)
 .rodata._ctype_
                0x000000000800dd0b      0x101 E:/Micro/STM32CubeIDE_1.13.0/STM32CubeIDE/plugins/com.st.stm32cube.ide.mcu.externaltools.gnu-tools-for-stm32.11.3.rel1.win32_1.1.1.202309131626/tools/bin/../lib/gcc/arm-none-eabi/11.3.1/../../../../arm-none-eabi/lib/thumb/v7e-m+dp/hard\libc_nano.a(libc_a-ctype_.o)
                0x000000000800dd0b                _ctype_
 .rodata._vfprintf_r.str1.1
                0x000000000800de0c       0x11 E:/Micro/STM32CubeIDE_1.13.0/STM32CubeIDE/plugins/com.st.stm32cube.ide.mcu.externaltools.gnu-tools-for-stm32.11.3.rel1.win32_1.1.1.202309131626/tools/bin/../lib/gcc/arm-none-eabi/11.3.1/../../../../arm-none-eabi/lib/thumb/v7e-m+dp/hard\libc_nano.a(libc_a-nano-vfprintf.o)
                0x000000000800de20                . = ALIGN (0x4)

.ARM.extab      0x000000000800de0c        0x0
                0x000000000800de0c                . = ALIGN (0x4)
 *(.ARM.extab* .gnu.linkonce.armextab.*)
                0x000000000800de0c                . = ALIGN (0x4)

.ARM            0x000000000800de0c        0x8
                0x000000000800de0c                . = ALIGN (0x4)
                0x000000000800de0c                __exidx_start = .
 *(.ARM.exidx*)
 .ARM.exidx     0x000000000800de0c        0x8 E:/Micro/STM32CubeIDE_1.13.0/STM32CubeIDE/plugins/com.st.stm32cube.ide.mcu.externaltools.gnu-tools-for-stm32.11.3.rel1.win32_1.1.1.202309131626/tools/bin/../lib/gcc/arm-none-eabi/11.3.1/thumb/v7e-m+dp/hard\libgcc.a(_udivmoddi4.o)
                0x000000000800de14                __exidx_end = .
                0x000000000800de14                . = ALIGN (0x4)

.rel.dyn        0x000000000800de14        0x0
 .rel.iplt      0x000000000800de14        0x0 E:/Micro/STM32CubeIDE_1.13.0/STM32CubeIDE/plugins/com.st.stm32cube.ide.mcu.externaltools.gnu-tools-for-stm32.11.3.rel1.win32_1.1.1.202309131626/tools/bin/../lib/gcc/arm-none-eabi/11.3.1/thumb/v7e-m+dp/hard/crtbegin.o

.preinit_array  0x000000000800de14        0x0
                0x000000000800de14                . = ALIGN (0x4)
                0x000000000800de14                PROVIDE (__preinit_array_start = .)
 *(.preinit_array*)