../Core/Src/DFPLAYER_MINI.c:41:6:Send_cmd	32	static
../Core/Src/DFPLAYER_MINI.c:51:6:DF_PlayFromStart	8	static
../Core/Src/DFPLAYER_MINI.c:57:6:DF_SetEQ	16	static
../Core/Src/DFPLAYER_MINI.c:63:6:DF_SetVolume	16	static
../Core/Src/DFPLAYER_MINI.c:70:6:DF_Init	16	static
../Core/Src/DFPLAYER_MINI.c:78:6:DF_Next	8	static
../Core/Src/DFPLAYER_MINI.c:84:6:DF_Pause	8	static
../Core/Src/DFPLAYER_MINI.c:90:6:DF_Previous	8	static
../Core/Src/DFPLAYER_MINI.c:96:6:DF_Playback	8	static
../Core/Src/DFPLAYER_MINI.c:102:6:Check_Key	8	static
../Core/Src/DFPLAYER_MINI.c:136:6:selectSong	8	static
../Core/Src/DFPLAYER_MINI.c:173:6:DF_SetFolder	16	static
../Core/Src/DFPLAYER_MINI.c:180:6:MusicController	24	static
../Core/Src/DFPLAYER_MINI.c:227:6:DF_loop	16	static
../Core/Src/DFPLAYER_MINI.c:233:6:DF_repeat	8	static
../Core/Src/DFPLAYER_MINI.c:239:6:DF_openFolder	16	static
