../Drivers/CMSIS/Include/core_cm7.h:2229:22:SCB_EnableICache	4	static,ignoring_inline_asm
../Drivers/CMSIS/Include/core_cm7.h:2281:22:SCB_EnableDCache	24	static,ignoring_inline_asm
../Core/Src/main.c:167:6:sendStringViaUART	16	static
../Core/Src/main.c:171:6:generateAndSortRandomNumbers	128	static
../Core/Src/main.c:185:5:compareArrays	32	static
../Core/Src/main.c:207:6:letTheMusicLouderThanAnySound	24	static
../Core/Src/main.c:218:6:pabfai	24	static
../Core/Src/main.c:296:5:main	136	static,ignoring_inline_asm
../Core/Src/main.c:575:6:SystemClock_Config	88	static
../Core/Src/main.c:629:10:CRC16_2	24	static
../Core/Src/main.c:650:6:updateSensor	24	static
../Core/Src/main.c:676:6:alarm	48	static
../Core/Src/main.c:751:7:updateT	8	static
../Core/Src/main.c:761:7:showT	80	static
../Core/Src/main.c:822:6:showSetTime	120	static
../Core/Src/main.c:888:6:showSetAlarm	120	static
../Core/Src/main.c:936:6:songSelectpage	40	static
../Core/Src/main.c:958:6:setPage	80	static
../Core/Src/main.c:1227:10:RGB565	48	static
../Core/Src/main.c:1248:10:mapColorByHourAndMinute	40	static
../Core/Src/main.c:1290:10:complementaryColor	24	static
../Core/Src/main.c:1306:5:dayofweek	80	static
../Core/Src/main.c:1322:6:Error_Handler	4	static
