../Drivers/CMSIS/Include/core_cm7.h:2229:22:SCB_EnableICache	4	static,ignoring_inline_asm
../Drivers/CMSIS/Include/core_cm7.h:2281:22:SCB_EnableDCache	24	static,ignoring_inline_asm
../Core/Src/main.c:154:6:sendStringViaUART	16	static
../Core/Src/main.c:158:6:generateAndSortRandomNumbers	128	static
../Core/Src/main.c:172:5:compareArrays	32	static
../Core/Src/main.c:194:6:letTheMusicLouderThanAnySound	24	static
../Core/Src/main.c:201:6:stopTheMusic	8	static
../Core/Src/main.c:271:5:main	88	static,ignoring_inline_asm
../Core/Src/main.c:497:6:SystemClock_Config	88	static
../Core/Src/main.c:551:10:CRC16_2	24	static
../Core/Src/main.c:572:6:updateSensor	24	static
../Core/Src/main.c:598:6:alarm	48	static
../Core/Src/main.c:655:7:updateT	8	static
../Core/Src/main.c:665:7:showT	80	static
../Core/Src/main.c:726:6:showSetTime	120	static
../Core/Src/main.c:792:6:showSetAlarm	120	static
../Core/Src/main.c:839:6:setPage	80	static
../Core/Src/main.c:1097:5:dayofweek	80	static
../Core/Src/main.c:1113:6:Error_Handler	4	static
